Archive member included to satisfy reference by file (symbol)

C:/ST/STM32CubeIDE_1.13.0/STM32CubeIDE/plugins/com.st.stm32cube.ide.mcu.externaltools.gnu-tools-for-stm32.12.3.rel1.win32_1.1.0.202410251130/tools/bin/../lib/gcc/arm-none-eabi/12.3.1/../../../../arm-none-eabi/lib/thumb/v7e-m+fp/hard\libc_nano.a(libc_a-exit.o)
                              C:/ST/STM32CubeIDE_1.13.0/STM32CubeIDE/plugins/com.st.stm32cube.ide.mcu.externaltools.gnu-tools-for-stm32.12.3.rel1.win32_1.1.0.202410251130/tools/bin/../lib/gcc/arm-none-eabi/12.3.1/../../../../arm-none-eabi/lib/thumb/v7e-m+fp/hard/crt0.o (exit)
C:/ST/STM32CubeIDE_1.13.0/STM32CubeIDE/plugins/com.st.stm32cube.ide.mcu.externaltools.gnu-tools-for-stm32.12.3.rel1.win32_1.1.0.202410251130/tools/bin/../lib/gcc/arm-none-eabi/12.3.1/../../../../arm-none-eabi/lib/thumb/v7e-m+fp/hard\libc_nano.a(libc_a-findfp.o)
                              C:/ST/STM32CubeIDE_1.13.0/STM32CubeIDE/plugins/com.st.stm32cube.ide.mcu.externaltools.gnu-tools-for-stm32.12.3.rel1.win32_1.1.0.202410251130/tools/bin/../lib/gcc/arm-none-eabi/12.3.1/../../../../arm-none-eabi/lib/thumb/v7e-m+fp/hard\libc_nano.a(libc_a-exit.o) (__stdio_exit_handler)
C:/ST/STM32CubeIDE_1.13.0/STM32CubeIDE/plugins/com.st.stm32cube.ide.mcu.externaltools.gnu-tools-for-stm32.12.3.rel1.win32_1.1.0.202410251130/tools/bin/../lib/gcc/arm-none-eabi/12.3.1/../../../../arm-none-eabi/lib/thumb/v7e-m+fp/hard\libc_nano.a(libc_a-fwalk.o)
                              C:/ST/STM32CubeIDE_1.13.0/STM32CubeIDE/plugins/com.st.stm32cube.ide.mcu.externaltools.gnu-tools-for-stm32.12.3.rel1.win32_1.1.0.202410251130/tools/bin/../lib/gcc/arm-none-eabi/12.3.1/../../../../arm-none-eabi/lib/thumb/v7e-m+fp/hard\libc_nano.a(libc_a-findfp.o) (_fwalk_sglue)
C:/ST/STM32CubeIDE_1.13.0/STM32CubeIDE/plugins/com.st.stm32cube.ide.mcu.externaltools.gnu-tools-for-stm32.12.3.rel1.win32_1.1.0.202410251130/tools/bin/../lib/gcc/arm-none-eabi/12.3.1/../../../../arm-none-eabi/lib/thumb/v7e-m+fp/hard\libc_nano.a(libc_a-printf.o)
                              ./Middlewares/ST/STM32_USB_Device_Library/Core/Src/usbd_core.o (printf)
C:/ST/STM32CubeIDE_1.13.0/STM32CubeIDE/plugins/com.st.stm32cube.ide.mcu.externaltools.gnu-tools-for-stm32.12.3.rel1.win32_1.1.0.202410251130/tools/bin/../lib/gcc/arm-none-eabi/12.3.1/../../../../arm-none-eabi/lib/thumb/v7e-m+fp/hard\libc_nano.a(libc_a-putchar.o)
                              ./Middlewares/ST/STM32_USB_Device_Library/Core/Src/usbd_core.o (putchar)
C:/ST/STM32CubeIDE_1.13.0/STM32CubeIDE/plugins/com.st.stm32cube.ide.mcu.externaltools.gnu-tools-for-stm32.12.3.rel1.win32_1.1.0.202410251130/tools/bin/../lib/gcc/arm-none-eabi/12.3.1/../../../../arm-none-eabi/lib/thumb/v7e-m+fp/hard\libc_nano.a(libc_a-puts.o)
                              ./Core/Src/main.o (puts)
C:/ST/STM32CubeIDE_1.13.0/STM32CubeIDE/plugins/com.st.stm32cube.ide.mcu.externaltools.gnu-tools-for-stm32.12.3.rel1.win32_1.1.0.202410251130/tools/bin/../lib/gcc/arm-none-eabi/12.3.1/../../../../arm-none-eabi/lib/thumb/v7e-m+fp/hard\libc_nano.a(libc_a-stdio.o)
                              C:/ST/STM32CubeIDE_1.13.0/STM32CubeIDE/plugins/com.st.stm32cube.ide.mcu.externaltools.gnu-tools-for-stm32.12.3.rel1.win32_1.1.0.202410251130/tools/bin/../lib/gcc/arm-none-eabi/12.3.1/../../../../arm-none-eabi/lib/thumb/v7e-m+fp/hard\libc_nano.a(libc_a-findfp.o) (__sread)
C:/ST/STM32CubeIDE_1.13.0/STM32CubeIDE/plugins/com.st.stm32cube.ide.mcu.externaltools.gnu-tools-for-stm32.12.3.rel1.win32_1.1.0.202410251130/tools/bin/../lib/gcc/arm-none-eabi/12.3.1/../../../../arm-none-eabi/lib/thumb/v7e-m+fp/hard\libc_nano.a(libc_a-wbuf.o)
                              C:/ST/STM32CubeIDE_1.13.0/STM32CubeIDE/plugins/com.st.stm32cube.ide.mcu.externaltools.gnu-tools-for-stm32.12.3.rel1.win32_1.1.0.202410251130/tools/bin/../lib/gcc/arm-none-eabi/12.3.1/../../../../arm-none-eabi/lib/thumb/v7e-m+fp/hard\libc_nano.a(libc_a-puts.o) (__swbuf_r)
C:/ST/STM32CubeIDE_1.13.0/STM32CubeIDE/plugins/com.st.stm32cube.ide.mcu.externaltools.gnu-tools-for-stm32.12.3.rel1.win32_1.1.0.202410251130/tools/bin/../lib/gcc/arm-none-eabi/12.3.1/../../../../arm-none-eabi/lib/thumb/v7e-m+fp/hard\libc_nano.a(libc_a-wsetup.o)
                              C:/ST/STM32CubeIDE_1.13.0/STM32CubeIDE/plugins/com.st.stm32cube.ide.mcu.externaltools.gnu-tools-for-stm32.12.3.rel1.win32_1.1.0.202410251130/tools/bin/../lib/gcc/arm-none-eabi/12.3.1/../../../../arm-none-eabi/lib/thumb/v7e-m+fp/hard\libc_nano.a(libc_a-puts.o) (__swsetup_r)
C:/ST/STM32CubeIDE_1.13.0/STM32CubeIDE/plugins/com.st.stm32cube.ide.mcu.externaltools.gnu-tools-for-stm32.12.3.rel1.win32_1.1.0.202410251130/tools/bin/../lib/gcc/arm-none-eabi/12.3.1/../../../../arm-none-eabi/lib/thumb/v7e-m+fp/hard\libc_nano.a(libc_a-memset.o)
[...]
Memory Configuration

Name             Origin             Length             Attributes
RAM              0x20000000         0x00020000         xrw
FLASH            0x08000000         0x00080000         xr
*default*        0x00000000         0xffffffff

Linker script and memory map

LOAD C:/ST/STM32CubeIDE_1.13.0/STM32CubeIDE/plugins/com.st.stm32cube.ide.mcu.externaltools.gnu-tools-for-stm32.12.3.rel1.win32_1.1.0.202410251130/tools/bin/../lib/gcc/arm-none-eabi/12.3.1/thumb/v7e-m+fp/hard/crti.o
LOAD C:/ST/STM32CubeIDE_1.13.0/STM32CubeIDE/plugins/com.st.stm32cube.ide.mcu.externaltools.gnu-tools-for-stm32.12.3.rel1.win32_1.1.0.202410251130/tools/bin/../lib/gcc/arm-none-eabi/12.3.1/thumb/v7e-m+fp/hard/crtbegin.o
LOAD C:/ST/STM32CubeIDE_1.13.0/STM32CubeIDE/plugins/com.st.stm32cube.ide.mcu.externaltools.gnu-tools-for-stm32.12.3.rel1.win32_1.1.0.202410251130/tools/bin/../lib/gcc/arm-none-eabi/12.3.1/../../../../arm-none-eabi/lib/thumb/v7e-m+fp/hard/crt0.o
LOAD ./Core/Src/dma.o
LOAD ./Core/Src/gpio.o
LOAD ./Core/Src/i2s.o
LOAD ./Core/Src/main.o
LOAD ./Core/Src/sai.o
LOAD ./Core/Src/stm32f4xx_hal_msp.o
LOAD ./Core/Src/stm32f4xx_it.o
LOAD ./Core/Src/syscalls.o
LOAD ./Core/Src/sysmem.o
LOAD ./Core/Src/system_stm32f4xx.o
LOAD ./Core/Src/usart.o
LOAD ./Core/Startup/startup_stm32f446zetx.o
LOAD ./Drivers/STM32F4xx_HAL_Driver/Src/stm32f4xx_hal.o
LOAD ./Drivers/STM32F4xx_HAL_Driver/Src/stm32f4xx_hal_cortex.o
LOAD ./Drivers/STM32F4xx_HAL_Driver/Src/stm32f4xx_hal_dma.o
LOAD ./Drivers/STM32F4xx_HAL_Driver/Src/stm32f4xx_hal_dma_ex.o
LOAD ./Drivers/STM32F4xx_HAL_Driver/Src/stm32f4xx_hal_exti.o
LOAD ./Drivers/STM32F4xx_HAL_Driver/Src/stm32f4xx_hal_flash.o
LOAD ./Drivers/STM32F4xx_HAL_Driver/Src/stm32f4xx_hal_flash_ex.o
LOAD ./Drivers/STM32F4xx_HAL_Driver/Src/stm32f4xx_hal_flash_ramfunc.o
LOAD ./Drivers/STM32F4xx_HAL_Driver/Src/stm32f4xx_hal_gpio.o
LOAD ./Drivers/STM32F4xx_HAL_Driver/Src/stm32f4xx_hal_i2s.o
LOAD ./Drivers/STM32F4xx_HAL_Driver/Src/stm32f4xx_hal_i2s_ex.o
LOAD ./Drivers/STM32F4xx_HAL_Driver/Src/stm32f4xx_hal_pcd.o
LOAD ./Drivers/STM32F4xx_HAL_Driver/Src/stm32f4xx_hal_pcd_ex.o
LOAD ./Drivers/STM32F4xx_HAL_Driver/Src/stm32f4xx_hal_pwr.o
LOAD ./Drivers/STM32F4xx_HAL_Driver/Src/stm32f4xx_hal_pwr_ex.o
LOAD ./Drivers/STM32F4xx_HAL_Driver/Src/stm32f4xx_hal_rcc.o
LOAD ./Drivers/STM32F4xx_HAL_Driver/Src/stm32f4xx_hal_rcc_ex.o
LOAD ./Drivers/STM32F4xx_HAL_Driver/Src/stm32f4xx_hal_sai.o
LOAD ./Drivers/STM32F4xx_HAL_Driver/Src/stm32f4xx_hal_sai_ex.o
LOAD ./Drivers/STM32F4xx_HAL_Driver/Src/stm32f4xx_hal_uart.o
LOAD ./Drivers/STM32F4xx_HAL_Driver/Src/stm32f4xx_ll_usb.o
LOAD ./Middlewares/ST/STM32_USB_Device_Library/Class/AUDIO/Src/usbd_audio.o
LOAD ./Middlewares/ST/STM32_USB_Device_Library/Core/Src/usbd_core.o
LOAD ./Middlewares/ST/STM32_USB_Device_Library/Core/Src/usbd_ctlreq.o
LOAD ./Middlewares/ST/STM32_USB_Device_Library/Core/Src/usbd_ioreq.o
LOAD ./USB_DEVICE/App/usb_device.o
LOAD ./USB_DEVICE/App/usbd_audio_if.o
LOAD ./USB_DEVICE/App/usbd_desc.o
LOAD ./USB_DEVICE/Target/usbd_conf.o
START GROUP
LOAD C:/ST/STM32CubeIDE_1.13.0/STM32CubeIDE/plugins/com.st.stm32cube.ide.mcu.externaltools.gnu-tools-for-stm32.12.3.rel1.win32_1.1.0.202410251130/tools/bin/../lib/gcc/arm-none-eabi/12.3.1/../../../../arm-none-eabi/lib/thumb/v7e-m+fp/hard\libc_nano.a
LOAD C:/ST/STM32CubeIDE_1.13.0/STM32CubeIDE/plugins/com.st.stm32cube.ide.mcu.externaltools.gnu-tools-for-stm32.12.3.rel1.win32_1.1.0.202410251130/tools/bin/../lib/gcc/arm-none-eabi/12.3.1/../../../../arm-none-eabi/lib/thumb/v7e-m+fp/hard\libm.a
END GROUP
START GROUP
LOAD C:/ST/STM32CubeIDE_1.13.0/STM32CubeIDE/plugins/com.st.stm32cube.ide.mcu.externaltools.gnu-tools-for-stm32.12.3.rel1.win32_1.1.0.202410251130/tools/bin/../lib/gcc/arm-none-eabi/12.3.1/thumb/v7e-m+fp/hard\libgcc.a
LOAD C:/ST/STM32CubeIDE_1.13.0/STM32CubeIDE/plugins/com.st.stm32cube.ide.mcu.externaltools.gnu-tools-for-stm32.12.3.rel1.win32_1.1.0.202410251130/tools/bin/../lib/gcc/arm-none-eabi/12.3.1/../../../../arm-none-eabi/lib/thumb/v7e-m+fp/hard\libc_nano.a
END GROUP
START GROUP
LOAD C:/ST/STM32CubeIDE_1.13.0/STM32CubeIDE/plugins/com.st.stm32cube.ide.mcu.externaltools.gnu-tools-for-stm32.12.3.rel1.win32_1.1.0.202410251130/tools/bin/../lib/gcc/arm-none-eabi/12.3.1/thumb/v7e-m+fp/hard\libgcc.a
LOAD C:/ST/STM32CubeIDE_1.13.0/STM32CubeIDE/plugins/com.st.stm32cube.ide.mcu.externaltools.gnu-tools-for-stm32.12.3.rel1.win32_1.1.0.202410251130/tools/bin/../lib/gcc/arm-none-eabi/12.3.1/../../../../arm-none-eabi/lib/thumb/v7e-m+fp/hard\libc_nano.a
LOAD C:/ST/STM32CubeIDE_1.13.0/STM32CubeIDE/plugins/com.st.stm32cube.ide.mcu.externaltools.gnu-tools-for-stm32.12.3.rel1.win32_1.1.0.202410251130/tools/bin/../lib/gcc/arm-none-eabi/12.3.1/../../../../arm-none-eabi/lib/thumb/v7e-m+fp/hard\libnosys.a
END GROUP
START GROUP
LOAD C:/ST/STM32CubeIDE_1.13.0/STM32CubeIDE/plugins/com.st.stm32cube.ide.mcu.externaltools.gnu-tools-for-stm32.12.3.rel1.win32_1.1.0.202410251130/tools/bin/../lib/gcc/arm-none-eabi/12.3.1/thumb/v7e-m+fp/hard\libgcc.a
LOAD C:/ST/STM32CubeIDE_1.13.0/STM32CubeIDE/plugins/com.st.stm32cube.ide.mcu.externaltools.gnu-tools-for-stm32.12.3.rel1.win32_1.1.0.202410251130/tools/bin/../lib/gcc/arm-none-eabi/12.3.1/../../../../arm-none-eabi/lib/thumb/v7e-m+fp/hard\libc_nano.a
LOAD C:/ST/STM32CubeIDE_1.13.0/STM32CubeIDE/plugins/com.st.stm32cube.ide.mcu.externaltools.gnu-tools-for-stm32.12.3.rel1.win32_1.1.0.202410251130/tools/bin/../lib/gcc/arm-none-eabi/12.3.1/../../../../arm-none-eabi/lib/thumb/v7e-m+fp/hard\libnosys.a
END GROUP
LOAD C:/ST/STM32CubeIDE_1.13.0/STM32CubeIDE/plugins/com.st.stm32cube.ide.mcu.externaltools.gnu-tools-for-stm32.12.3.rel1.win32_1.1.0.202410251130/tools/bin/../lib/gcc/arm-none-eabi/12.3.1/thumb/v7e-m+fp/hard/crtend.o
LOAD C:/ST/STM32CubeIDE_1.13.0/STM32CubeIDE/plugins/com.st.stm32cube.ide.mcu.externaltools.gnu-tools-for-stm32.12.3.rel1.win32_1.1.0.202410251130/tools/bin/../lib/gcc/arm-none-eabi/12.3.1/thumb/v7e-m+fp/hard/crtn.o
                0x20020000                        _estack = (ORIGIN (RAM) + LENGTH (RAM))
                0x00004000                        _Min_Heap_Size = 0x4000
                0x00008000                        _Min_Stack_Size = 0x8000

.isr_vector     0x08000000      0x1c4
                0x08000000                        . = ALIGN (0x4)
 *(.isr_vector)
 .isr_vector    0x08000000      0x1c4 ./Core/Startup/startup_stm32f446zetx.o
                0x08000000                g_pfnVectors
                0x080001c4                        . = ALIGN (0x4)

.text           0x080001d0     0xc700
                0x080001d0                        . = ALIGN (0x4)
 *(.text)
 .text          0x080001d0       0x40 C:/ST/STM32CubeIDE_1.13.0/STM32CubeIDE/plugins/com.st.stm32cube.ide.mcu.externaltools.gnu-tools-for-stm32.12.3.rel1.win32_1.1.0.202410251130/tools/bin/../lib/gcc/arm-none-eabi/12.3.1/thumb/v7e-m+fp/hard/crtbegin.o
 .text          0x08000210       0xa0 C:/ST/STM32CubeIDE_1.13.0/STM32CubeIDE/plugins/com.st.stm32cube.ide.mcu.externaltools.gnu-tools-for-stm32.12.3.rel1.win32_1.1.0.202410251130/tools/bin/../lib/gcc/arm-none-eabi/12.3.1/../../../../arm-none-eabi/lib/thumb/v7e-m+fp/hard\libc_nano.a(libc_a-memchr.o)
                0x08000210                memchr
 .text          0x080002b0      0x254 C:/ST/STM32CubeIDE_1.13.0/STM32CubeIDE/plugins/com.st.stm32cube.ide.mcu.externaltools.gnu-tools-for-stm32.12.3.rel1.win32_1.1.0.202410251130/tools/bin/../lib/gcc/arm-none-eabi/12.3.1/thumb/v7e-m+fp/hard\libgcc.a(_arm_muldf3.o)
                0x080002b0                __muldf3
                0x080002b0                __aeabi_dmul
 .text          0x08000504      0x378 C:/ST/STM32CubeIDE_1.13.0/STM32CubeIDE/plugins/com.st.stm32cube.ide.mcu.externaltools.gnu-tools-for-stm32.12.3.rel1.win32_1.1.0.202410251130/tools/bin/../lib/gcc/arm-none-eabi/12.3.1/thumb/v7e-m+fp/hard\libgcc.a(_arm_addsubdf3.o)
                0x08000504                __aeabi_drsub
                0x0800050c                __aeabi_dsub
                0x0800050c                __subdf3
                0x08000510                __aeabi_dadd
                0x08000510                __adddf3
                0x08000788                __floatunsidf
                0x08000788                __aeabi_ui2d
                0x080007a8                __floatsidf
                0x080007a8                __aeabi_i2d
                0x080007cc                __aeabi_f2d
                0x080007cc                __extendsfdf2
                0x08000810                __floatundidf
                0x08000810                __aeabi_ul2d
                0x08000820                __floatdidf
                0x08000820                __aeabi_l2d
 .text          0x0800087c      0x110 C:/ST/STM32CubeIDE_1.13.0/STM32CubeIDE/plugins/com.st.stm32cube.ide.mcu.externaltools.gnu-tools-for-stm32.12.3.rel1.win32_1.1.0.202410251130/tools/bin/../lib/gcc/arm-none-eabi/12.3.1/thumb/v7e-m+fp/hard\libgcc.a(_arm_cmpdf2.o)
                0x0800087c                __gtdf2
                0x0800087c                __gedf2
                0x08000884                __ltdf2
                0x08000884                __ledf2
                0x0800088c                __nedf2
                0x0800088c                __eqdf2
                0x0800088c                __cmpdf2
                0x08000908                __aeabi_cdrcmple
                0x08000918                __aeabi_cdcmpeq
                0x08000918                __aeabi_cdcmple
                0x08000928                __aeabi_dcmpeq
                0x0800093c                __aeabi_dcmplt
                0x08000950                __aeabi_dcmple
                0x08000964                __aeabi_dcmpge
                0x08000978                __aeabi_dcmpgt
 .text          0x0800098c       0x50 C:/ST/STM32CubeIDE_1.13.0/STM32CubeIDE/plugins/com.st.stm32cube.ide.mcu.externaltools.gnu-tools-for-stm32.12.3.rel1.win32_1.1.0.202410251130/tools/bin/../lib/gcc/arm-none-eabi/12.3.1/thumb/v7e-m+fp/hard\libgcc.a(_arm_fixdfsi.o)
                0x0800098c                __aeabi_d2iz
                0x0800098c                __fixdfsi
 .text          0x080009dc       0x30 C:/ST/STM32CubeIDE_1.13.0/STM32CubeIDE/plugins/com.st.stm32cube.ide.mcu.externaltools.gnu-tools-for-stm32.12.3.rel1.win32_1.1.0.202410251130/tools/bin/../lib/gcc/arm-none-eabi/12.3.1/thumb/v7e-m+fp/hard\libgcc.a(_aeabi_uldivmod.o)
                0x080009dc                __aeabi_uldivmod
 .text          0x08000a0c      0x2bc C:/ST/STM32CubeIDE_1.13.0/STM32CubeIDE/plugins/com.st.stm32cube.ide.mcu.externaltools.gnu-tools-for-stm32.12.3.rel1.win32_1.1.0.202410251130/tools/bin/../lib/gcc/arm-none-eabi/12.3.1/thumb/v7e-m+fp/hard\libgcc.a(_udivmoddi4.o)
                0x08000a0c                __udivmoddi4
 .text          0x08000cc8        0x4 C:/ST/STM32CubeIDE_1.13.0/STM32CubeIDE/plugins/com.st.stm32cube.ide.mcu.externaltools.gnu-tools-for-stm32.12.3.rel1.win32_1.1.0.202410251130/tools/bin/../lib/gcc/arm-none-eabi/12.3.1/thumb/v7e-m+fp/hard\libgcc.a(_dvmd_tls.o)
                0x08000cc8                __aeabi_idiv0
                0x08000cc8                __aeabi_ldiv0
 *(.text*)
 .text.MX_DMA_Init
                0x08000ccc       0x60 ./Core/Src/dma.o
                0x08000ccc                MX_DMA_Init
 .text.MX_GPIO_Init
                0x08000d2c      0x178 ./Core/Src/gpio.o
                0x08000d2c                MX_GPIO_Init
 .text.MX_I2S1_Init
                0x08000ea4       0x5c ./Core/Src/i2s.o
                0x08000ea4                MX_I2S1_Init
 .text.HAL_I2S_MspInit
                0x08000f00      0x150 ./Core/Src/i2s.o
                0x08000f00                HAL_I2S_MspInit
 .text.GenerateSineWave
                0x08001050       0xd4 ./Core/Src/main.o
                0x08001050                GenerateSineWave
 .text.main     0x08001124       0x3c ./Core/Src/main.o
                0x08001124                main
 .text.SystemClock_Config
                0x08001160       0xd8 ./Core/Src/main.o
                0x08001160                SystemClock_Config
 .text.PeriphCommonClock_Config
                0x08001238       0x48 ./Core/Src/main.o
                0x08001238                PeriphCommonClock_Config
 .text.HAL_SYSTICK_Callback
                0x08001280        0xe ./Core/Src/main.o
                0x08001280                HAL_SYSTICK_Callback
 *fill*         0x0800128e        0x2 
 .text.__io_putchar
                0x08001290       0x40 ./Core/Src/main.o
                0x08001290                __io_putchar
 .text.Error_Handler
                0x080012d0        0xc ./Core/Src/main.o
                0x080012d0                Error_Handler
 .text.MX_SAI1_Init
                0x080012dc       0xcc ./Core/Src/sai.o
                0x080012dc                MX_SAI1_Init
 .text.HAL_SAI_MspInit
                0x080013a8      0x1c4 ./Core/Src/sai.o
                0x080013a8                HAL_SAI_MspInit
 .text.HAL_MspInit
                0x0800156c       0x50 ./Core/Src/stm32f4xx_hal_msp.o
                0x0800156c                HAL_MspInit
 .text.NMI_Handler
                0x080015bc        0x8 ./Core/Src/stm32f4xx_it.o
                0x080015bc                NMI_Handler
 .text.HardFault_Handler
                0x080015c4        0x8 ./Core/Src/stm32f4xx_it.o
                0x080015c4                HardFault_Handler
 .text.MemManage_Handler
                0x080015cc        0x8 ./Core/Src/stm32f4xx_it.o
                0x080015cc                MemManage_Handler
 .text.BusFault_Handler
                0x080015d4        0x8 ./Core/Src/stm32f4xx_it.o
                0x080015d4                BusFault_Handler
 .text.UsageFault_Handler
                0x080015dc        0x8 ./Core/Src/stm32f4xx_it.o
                0x080015dc                UsageFault_Handler
 .text.SVC_Handler
                0x080015e4        0xe ./Core/Src/stm32f4xx_it.o
                0x080015e4                SVC_Handler
 .text.DebugMon_Handler
                0x080015f2        0xe ./Core/Src/stm32f4xx_it.o
                0x080015f2                DebugMon_Handler
 .text.PendSV_Handler
                0x08001600        0xe ./Core/Src/stm32f4xx_it.o
                0x08001600                PendSV_Handler
 .text.SysTick_Handler
                0x0800160e       0x10 ./Core/Src/stm32f4xx_it.o
                0x0800160e                SysTick_Handler
 *fill*         0x0800161e        0x2 
 .text.DMA2_Stream1_IRQHandler
                0x08001620       0x14 ./Core/Src/stm32f4xx_it.o
                0x08001620                DMA2_Stream1_IRQHandler
 .text.DMA2_Stream3_IRQHandler
                0x08001634       0x14 ./Core/Src/stm32f4xx_it.o
                0x08001634                DMA2_Stream3_IRQHandler
 .text.DMA2_Stream4_IRQHandler
                0x08001648       0x14 ./Core/Src/stm32f4xx_it.o
                0x08001648                DMA2_Stream4_IRQHandler
 .text.OTG_FS_IRQHandler
                0x0800165c       0x14 ./Core/Src/stm32f4xx_it.o
                0x0800165c                OTG_FS_IRQHandler
 .text._read    0x08001670       0x3a ./Core/Src/syscalls.o
                0x08001670                _read
 .text._write   0x080016aa       0x38 ./Core/Src/syscalls.o
                0x080016aa                _write
 .text._close   0x080016e2       0x18 ./Core/Src/syscalls.o
                0x080016e2                _close
 .text._fstat   0x080016fa       0x20 ./Core/Src/syscalls.o
                0x080016fa                _fstat
 .text._isatty  0x0800171a       0x16 ./Core/Src/syscalls.o
                0x0800171a                _isatty
 .text._lseek   0x08001730       0x1a ./Core/Src/syscalls.o
                0x08001730                _lseek
 *fill*         0x0800174a        0x2 
 .text._sbrk    0x0800174c       0x6c ./Core/Src/sysmem.o
                0x0800174c                _sbrk
 .text.SystemInit
                0x080017b8       0x24 ./Core/Src/system_stm32f4xx.o
                0x080017b8                SystemInit
 .text.MX_USART3_UART_Init
                0x080017dc       0x54 ./Core/Src/usart.o
                0x080017dc                MX_USART3_UART_Init
 .text.HAL_UART_MspInit
                0x08001830       0x90 ./Core/Src/usart.o
                0x08001830                HAL_UART_MspInit
 .text.Reset_Handler
                0x080018c0       0x50 ./Core/Startup/startup_stm32f446zetx.o
                0x080018c0                Reset_Handler
 .text.Default_Handler
                0x08001910        0x2 ./Core/Startup/startup_stm32f446zetx.o
                0x08001910                RTC_Alarm_IRQHandler
                0x08001910                EXTI2_IRQHandler
                0x08001910                TIM8_CC_IRQHandler
                0x08001910                FMPI2C1_EV_IRQHandler
                0x08001910                SPI4_IRQHandler
                0x08001910                TIM1_CC_IRQHandler
                0x08001910                DMA2_Stream5_IRQHandler
                0x08001910                DMA1_Stream5_IRQHandler
                0x08001910                PVD_IRQHandler
                0x08001910                SDIO_IRQHandler
                0x08001910                TAMP_STAMP_IRQHandler
                0x08001910                CAN2_RX1_IRQHandler
                0x08001910                EXTI3_IRQHandler
                0x08001910                TIM8_TRG_COM_TIM14_IRQHandler
                0x08001910                TIM1_UP_TIM10_IRQHandler
                0x08001910                TIM8_UP_TIM13_IRQHandler
                0x08001910                I2C3_ER_IRQHandler
                0x08001910                EXTI0_IRQHandler
                0x08001910                I2C2_EV_IRQHandler
                0x08001910                DMA1_Stream2_IRQHandler
                0x08001910                CAN1_RX0_IRQHandler
                0x08001910                FPU_IRQHandler
                0x08001910                OTG_HS_WKUP_IRQHandler
                0x08001910                CAN2_SCE_IRQHandler
                0x08001910                DMA2_Stream2_IRQHandler
                0x08001910                SPI1_IRQHandler
                0x08001910                TIM6_DAC_IRQHandler
                0x08001910                TIM1_BRK_TIM9_IRQHandler
                0x08001910                DCMI_IRQHandler
                0x08001910                CAN2_RX0_IRQHandler
                0x08001910                SAI2_IRQHandler
                0x08001910                USART6_IRQHandler
                0x08001910                USART3_IRQHandler
                0x08001910                CAN1_RX1_IRQHandler
                0x08001910                UART5_IRQHandler
                0x08001910                DMA2_Stream0_IRQHandler
                0x08001910                TIM4_IRQHandler
                0x08001910                QUADSPI_IRQHandler
                0x08001910                I2C1_EV_IRQHandler
                0x08001910                DMA1_Stream6_IRQHandler
                0x08001910                DMA1_Stream1_IRQHandler
                0x08001910                UART4_IRQHandler
                0x08001910                TIM3_IRQHandler
                0x08001910                RCC_IRQHandler
                0x08001910                TIM8_BRK_TIM12_IRQHandler
                0x08001910                Default_Handler
                0x08001910                CEC_IRQHandler
                0x08001910                EXTI15_10_IRQHandler
                0x08001910                ADC_IRQHandler
                0x08001910                DMA1_Stream7_IRQHandler
                0x08001910                TIM7_IRQHandler
                0x08001910                CAN2_TX_IRQHandler
                0x08001910                TIM5_IRQHandler
                0x08001910                DMA2_Stream7_IRQHandler
                0x08001910                I2C3_EV_IRQHandler
                0x08001910                EXTI9_5_IRQHandler
                0x08001910                RTC_WKUP_IRQHandler
                0x08001910                SPDIF_RX_IRQHandler
                0x08001910                SPI2_IRQHandler
                0x08001910                OTG_HS_EP1_IN_IRQHandler
                0x08001910                DMA1_Stream0_IRQHandler
                0x08001910                CAN1_TX_IRQHandler
                0x08001910                FMPI2C1_ER_IRQHandler
                0x08001910                EXTI4_IRQHandler
                0x08001910                OTG_HS_EP1_OUT_IRQHandler
                0x08001910                WWDG_IRQHandler
                0x08001910                TIM2_IRQHandler
                0x08001910                OTG_FS_WKUP_IRQHandler
                0x08001910                TIM1_TRG_COM_TIM11_IRQHandler
                0x08001910                OTG_HS_IRQHandler
                0x08001910                EXTI1_IRQHandler
                0x08001910                USART2_IRQHandler
                0x08001910                I2C2_ER_IRQHandler
                0x08001910                CAN1_SCE_IRQHandler
                0x08001910                FLASH_IRQHandler
                0x08001910                USART1_IRQHandler
                0x08001910                SPI3_IRQHandler
                0x08001910                DMA1_Stream4_IRQHandler
                0x08001910                I2C1_ER_IRQHandler
                0x08001910                FMC_IRQHandler
                0x08001910                DMA2_Stream6_IRQHandler
                0x08001910                SAI1_IRQHandler
                0x08001910                DMA1_Stream3_IRQHandler
 *fill*         0x08001912        0x2 
 .text.HAL_Init
                0x08001914       0x44 ./Drivers/STM32F4xx_HAL_Driver/Src/stm32f4xx_hal.o
                0x08001914                HAL_Init
 .text.HAL_InitTick
                0x08001958       0x60 ./Drivers/STM32F4xx_HAL_Driver/Src/stm32f4xx_hal.o
                0x08001958                HAL_InitTick
 .text.HAL_IncTick
                0x080019b8       0x28 ./Drivers/STM32F4xx_HAL_Driver/Src/stm32f4xx_hal.o
                0x080019b8                HAL_IncTick
 .text.HAL_GetTick
                0x080019e0       0x18 ./Drivers/STM32F4xx_HAL_Driver/Src/stm32f4xx_hal.o
                0x080019e0                HAL_GetTick
 .text.HAL_Delay
                0x080019f8       0x48 ./Drivers/STM32F4xx_HAL_Driver/Src/stm32f4xx_hal.o
                0x080019f8                HAL_Delay
 .text.__NVIC_SetPriorityGrouping
                0x08001a40       0x48 ./Drivers/STM32F4xx_HAL_Driver/Src/stm32f4xx_hal_cortex.o
 .text.__NVIC_GetPriorityGrouping
                0x08001a88       0x1c ./Drivers/STM32F4xx_HAL_Driver/Src/stm32f4xx_hal_cortex.o
 .text.__NVIC_EnableIRQ
                0x08001aa4       0x3c ./Drivers/STM32F4xx_HAL_Driver/Src/stm32f4xx_hal_cortex.o
 .text.__NVIC_SetPriority
                0x08001ae0       0x54 ./Drivers/STM32F4xx_HAL_Driver/Src/stm32f4xx_hal_cortex.o
 .text.NVIC_EncodePriority
                0x08001b34       0x66 ./Drivers/STM32F4xx_HAL_Driver/Src/stm32f4xx_hal_cortex.o
 *fill*         0x08001b9a        0x2 
 .text.SysTick_Config
                0x08001b9c       0x44 ./Drivers/STM32F4xx_HAL_Driver/Src/stm32f4xx_hal_cortex.o
 .text.HAL_NVIC_SetPriorityGrouping
                0x08001be0       0x16 ./Drivers/STM32F4xx_HAL_Driver/Src/stm32f4xx_hal_cortex.o
                0x08001be0                HAL_NVIC_SetPriorityGrouping
 .text.HAL_NVIC_SetPriority
                0x08001bf6       0x38 ./Drivers/STM32F4xx_HAL_Driver/Src/stm32f4xx_hal_cortex.o
                0x08001bf6                HAL_NVIC_SetPriority
 .text.HAL_NVIC_EnableIRQ
                0x08001c2e       0x1c ./Drivers/STM32F4xx_HAL_Driver/Src/stm32f4xx_hal_cortex.o
                0x08001c2e                HAL_NVIC_EnableIRQ
 .text.HAL_SYSTICK_Config
                0x08001c4a       0x18 ./Drivers/STM32F4xx_HAL_Driver/Src/stm32f4xx_hal_cortex.o
                0x08001c4a                HAL_SYSTICK_Config
 .text.HAL_SYSTICK_IRQHandler
                0x08001c62        0xc ./Drivers/STM32F4xx_HAL_Driver/Src/stm32f4xx_hal_cortex.o
                0x08001c62                HAL_SYSTICK_IRQHandler
 *fill*         0x08001c6e        0x2 
 .text.HAL_DMA_Init
                0x08001c70      0x15c ./Drivers/STM32F4xx_HAL_Driver/Src/stm32f4xx_hal_dma.o
                0x08001c70                HAL_DMA_Init
 .text.HAL_DMA_Start_IT
                0x08001dcc       0xb0 ./Drivers/STM32F4xx_HAL_Driver/Src/stm32f4xx_hal_dma.o
                0x08001dcc                HAL_DMA_Start_IT
 .text.HAL_DMA_Abort
                0x08001e7c       0xe0 ./Drivers/STM32F4xx_HAL_Driver/Src/stm32f4xx_hal_dma.o
                0x08001e7c                HAL_DMA_Abort
 .text.HAL_DMA_IRQHandler
                0x08001f5c      0x314 ./Drivers/STM32F4xx_HAL_Driver/Src/stm32f4xx_hal_dma.o
                0x08001f5c                HAL_DMA_IRQHandler
 .text.DMA_SetConfig
                0x08002270       0x5c ./Drivers/STM32F4xx_HAL_Driver/Src/stm32f4xx_hal_dma.o
 .text.DMA_CalcBaseAndBitshift
                0x080022cc       0x6c ./Drivers/STM32F4xx_HAL_Driver/Src/stm32f4xx_hal_dma.o
 .text.DMA_CheckFifoParam
                0x08002338       0xf8 ./Drivers/STM32F4xx_HAL_Driver/Src/stm32f4xx_hal_dma.o
 .text.HAL_GPIO_Init
                0x08002430      0x328 ./Drivers/STM32F4xx_HAL_Driver/Src/stm32f4xx_hal_gpio.o
                0x08002430                HAL_GPIO_Init
 .text.HAL_GPIO_WritePin
                0x08002758       0x32 ./Drivers/STM32F4xx_HAL_Driver/Src/stm32f4xx_hal_gpio.o
                0x08002758                HAL_GPIO_WritePin
 *fill*         0x0800278a        0x2 
 .text.HAL_I2S_Init
                0x0800278c      0x1f0 ./Drivers/STM32F4xx_HAL_Driver/Src/stm32f4xx_hal_i2s.o
                0x0800278c                HAL_I2S_Init
 .text.HAL_I2S_TxCpltCallback
                0x0800297c       0x14 ./Drivers/STM32F4xx_HAL_Driver/Src/stm32f4xx_hal_i2s.o
                0x0800297c                HAL_I2S_TxCpltCallback
 .text.HAL_I2S_RxCpltCallback
                0x08002990       0x14 ./Drivers/STM32F4xx_HAL_Driver/Src/stm32f4xx_hal_i2s.o
                0x08002990                HAL_I2S_RxCpltCallback
 .text.HAL_I2S_ErrorCallback
                0x080029a4       0x14 ./Drivers/STM32F4xx_HAL_Driver/Src/stm32f4xx_hal_i2s.o
                0x080029a4                HAL_I2S_ErrorCallback
 .text.I2S_Transmit_IT
                0x080029b8       0x5c ./Drivers/STM32F4xx_HAL_Driver/Src/stm32f4xx_hal_i2s.o
 .text.I2S_Receive_IT
                0x08002a14       0x5e ./Drivers/STM32F4xx_HAL_Driver/Src/stm32f4xx_hal_i2s.o
 .text.I2S_IRQHandler
                0x08002a72      0x114 ./Drivers/STM32F4xx_HAL_Driver/Src/stm32f4xx_hal_i2s.o
 .text.HAL_PCD_Init
                0x08002b86      0x22c ./Drivers/STM32F4xx_HAL_Driver/Src/stm32f4xx_hal_pcd.o
                0x08002b86                HAL_PCD_Init
 .text.HAL_PCD_Start
                0x08002db2       0x6a ./Drivers/STM32F4xx_HAL_Driver/Src/stm32f4xx_hal_pcd.o
                0x08002db2                HAL_PCD_Start
 .text.HAL_PCD_IRQHandler
                0x08002e1c      0x99c ./Drivers/STM32F4xx_HAL_Driver/Src/stm32f4xx_hal_pcd.o
                0x08002e1c                HAL_PCD_IRQHandler
 .text.HAL_PCD_SetAddress
                0x080037b8       0x48 ./Drivers/STM32F4xx_HAL_Driver/Src/stm32f4xx_hal_pcd.o
                0x080037b8                HAL_PCD_SetAddress
 .text.HAL_PCD_EP_Open
                0x08003800       0xd4 ./Drivers/STM32F4xx_HAL_Driver/Src/stm32f4xx_hal_pcd.o
                0x08003800                HAL_PCD_EP_Open
 .text.HAL_PCD_EP_Close
                0x080038d4       0x94 ./Drivers/STM32F4xx_HAL_Driver/Src/stm32f4xx_hal_pcd.o
                0x080038d4                HAL_PCD_EP_Close
 .text.HAL_PCD_EP_Receive
                0x08003968       0x76 ./Drivers/STM32F4xx_HAL_Driver/Src/stm32f4xx_hal_pcd.o
                0x08003968                HAL_PCD_EP_Receive
 .text.HAL_PCD_EP_GetRxCount
                0x080039de       0x30 ./Drivers/STM32F4xx_HAL_Driver/Src/stm32f4xx_hal_pcd.o
                0x080039de                HAL_PCD_EP_GetRxCount
 .text.HAL_PCD_EP_Transmit
                0x08003a0e       0x74 ./Drivers/STM32F4xx_HAL_Driver/Src/stm32f4xx_hal_pcd.o
                0x08003a0e                HAL_PCD_EP_Transmit
 .text.HAL_PCD_EP_SetStall
                0x08003a82       0xc6 ./Drivers/STM32F4xx_HAL_Driver/Src/stm32f4xx_hal_pcd.o
                0x08003a82                HAL_PCD_EP_SetStall
 .text.HAL_PCD_EP_ClrStall
                0x08003b48       0xac ./Drivers/STM32F4xx_HAL_Driver/Src/stm32f4xx_hal_pcd.o
                0x08003b48                HAL_PCD_EP_ClrStall
 .text.HAL_PCD_EP_Abort
                0x08003bf4       0x62 ./Drivers/STM32F4xx_HAL_Driver/Src/stm32f4xx_hal_pcd.o
                0x08003bf4                HAL_PCD_EP_Abort
 .text.PCD_WriteEmptyTxFifo
                0x08003c56      0x118 ./Drivers/STM32F4xx_HAL_Driver/Src/stm32f4xx_hal_pcd.o
 *fill*         0x08003d6e        0x2 
 .text.PCD_EP_OutXfrComplete_int
                0x08003d70      0x1d0 ./Drivers/STM32F4xx_HAL_Driver/Src/stm32f4xx_hal_pcd.o
 .text.PCD_EP_OutSetupPacket_int
                0x08003f40       0x8c ./Drivers/STM32F4xx_HAL_Driver/Src/stm32f4xx_hal_pcd.o
 .text.HAL_PCDEx_SetTxFiFo
                0x08003fcc       0x8e ./Drivers/STM32F4xx_HAL_Driver/Src/stm32f4xx_hal_pcd_ex.o
                0x08003fcc                HAL_PCDEx_SetTxFiFo
 .text.HAL_PCDEx_SetRxFiFo
                0x0800405a       0x22 ./Drivers/STM32F4xx_HAL_Driver/Src/stm32f4xx_hal_pcd_ex.o
                0x0800405a                HAL_PCDEx_SetRxFiFo
 .text.HAL_PCDEx_ActivateLPM
                0x0800407c       0x48 ./Drivers/STM32F4xx_HAL_Driver/Src/stm32f4xx_hal_pcd_ex.o
                0x0800407c                HAL_PCDEx_ActivateLPM
 .text.HAL_RCC_ClockConfig
                0x080040c4      0x1cc ./Drivers/STM32F4xx_HAL_Driver/Src/stm32f4xx_hal_rcc.o
                0x080040c4                HAL_RCC_ClockConfig
 .text.HAL_RCC_GetHCLKFreq
                0x08004290       0x18 ./Drivers/STM32F4xx_HAL_Driver/Src/stm32f4xx_hal_rcc.o
                0x08004290                HAL_RCC_GetHCLKFreq
 .text.HAL_RCC_GetPCLK1Freq
                0x080042a8       0x28 ./Drivers/STM32F4xx_HAL_Driver/Src/stm32f4xx_hal_rcc.o
                0x080042a8                HAL_RCC_GetPCLK1Freq
 .text.HAL_RCC_GetPCLK2Freq
                0x080042d0       0x28 ./Drivers/STM32F4xx_HAL_Driver/Src/stm32f4xx_hal_rcc.o
                0x080042d0                HAL_RCC_GetPCLK2Freq
 .text.HAL_RCCEx_PeriphCLKConfig
                0x080042f8      0x654 ./Drivers/STM32F4xx_HAL_Driver/Src/stm32f4xx_hal_rcc_ex.o
                0x080042f8                HAL_RCCEx_PeriphCLKConfig
 .text.HAL_RCCEx_GetPeriphCLKFreq
                0x0800494c      0x494 ./Drivers/STM32F4xx_HAL_Driver/Src/stm32f4xx_hal_rcc_ex.o
                0x0800494c                HAL_RCCEx_GetPeriphCLKFreq
 .text.HAL_RCC_GetSysClockFreq
                0x08004de0      0x460 ./Drivers/STM32F4xx_HAL_Driver/Src/stm32f4xx_hal_rcc_ex.o
                0x08004de0                HAL_RCC_GetSysClockFreq
 .text.HAL_RCC_OscConfig
                0x08005240      0x53c ./Drivers/STM32F4xx_HAL_Driver/Src/stm32f4xx_hal_rcc_ex.o
                0x08005240                HAL_RCC_OscConfig
 .text.HAL_SAI_InitProtocol
                0x0800577c       0x66 ./Drivers/STM32F4xx_HAL_Driver/Src/stm32f4xx_hal_sai.o
                0x0800577c                HAL_SAI_InitProtocol
 *fill*         0x080057e2        0x2 
 .text.HAL_SAI_Init
                0x080057e4      0x250 ./Drivers/STM32F4xx_HAL_Driver/Src/stm32f4xx_hal_sai.o
                0x080057e4                HAL_SAI_Init
 .text.HAL_SAI_DMAStop
                0x08005a34       0xe6 ./Drivers/STM32F4xx_HAL_Driver/Src/stm32f4xx_hal_sai.o
                0x08005a34                HAL_SAI_DMAStop
 *fill*         0x08005b1a        0x2 
 .text.HAL_SAI_Transmit_DMA
                0x08005b1c      0x160 ./Drivers/STM32F4xx_HAL_Driver/Src/stm32f4xx_hal_sai.o
                0x08005b1c                HAL_SAI_Transmit_DMA
 .text.HAL_SAI_TxCpltCallback
                0x08005c7c       0x14 ./Drivers/STM32F4xx_HAL_Driver/Src/stm32f4xx_hal_sai.o
                0x08005c7c                HAL_SAI_TxCpltCallback
 .text.HAL_SAI_TxHalfCpltCallback
                0x08005c90       0x14 ./Drivers/STM32F4xx_HAL_Driver/Src/stm32f4xx_hal_sai.o
                0x08005c90                HAL_SAI_TxHalfCpltCallback
 .text.HAL_SAI_ErrorCallback
                0x08005ca4       0x14 ./Drivers/STM32F4xx_HAL_Driver/Src/stm32f4xx_hal_sai.o
                0x08005ca4                HAL_SAI_ErrorCallback
 .text.SAI_InitI2S
                0x08005cb8      0x15c ./Drivers/STM32F4xx_HAL_Driver/Src/stm32f4xx_hal_sai.o
 .text.SAI_InitPCM
                0x08005e14      0x100 ./Drivers/STM32F4xx_HAL_Driver/Src/stm32f4xx_hal_sai.o
 .text.SAI_InterruptFlag
                0x08005f14       0x6c ./Drivers/STM32F4xx_HAL_Driver/Src/stm32f4xx_hal_sai.o
 .text.SAI_Disable
                0x08005f80       0x70 ./Drivers/STM32F4xx_HAL_Driver/Src/stm32f4xx_hal_sai.o
 .text.SAI_DMATxCplt
                0x08005ff0       0x60 ./Drivers/STM32F4xx_HAL_Driver/Src/stm32f4xx_hal_sai.o
 .text.SAI_DMATxHalfCplt
                0x08006050       0x1c ./Drivers/STM32F4xx_HAL_Driver/Src/stm32f4xx_hal_sai.o
 .text.SAI_DMAError
                0x0800606c       0x66 ./Drivers/STM32F4xx_HAL_Driver/Src/stm32f4xx_hal_sai.o
 *fill*         0x080060d2        0x2 
 .text.SAI_BlockSynchroConfig
                0x080060d4       0x88 ./Drivers/STM32F4xx_HAL_Driver/Src/stm32f4xx_hal_sai_ex.o
                0x080060d4                SAI_BlockSynchroConfig
 .text.SAI_GetInputClock
                0x0800615c       0x44 ./Drivers/STM32F4xx_HAL_Driver/Src/stm32f4xx_hal_sai_ex.o
                0x0800615c                SAI_GetInputClock
 .text.HAL_UART_Init
                0x080061a0       0xa0 ./Drivers/STM32F4xx_HAL_Driver/Src/stm32f4xx_hal_uart.o
                0x080061a0                HAL_UART_Init
 .text.HAL_UART_Transmit
                0x08006240      0x116 ./Drivers/STM32F4xx_HAL_Driver/Src/stm32f4xx_hal_uart.o
                0x08006240                HAL_UART_Transmit
 .text.UART_WaitOnFlagUntilTimeout
                0x08006356       0xb2 ./Drivers/STM32F4xx_HAL_Driver/Src/stm32f4xx_hal_uart.o
 .text.UART_EndRxTransfer
                0x08006408       0xc6 ./Drivers/STM32F4xx_HAL_Driver/Src/stm32f4xx_hal_uart.o
 *fill*         0x080064ce        0x2 
 .text.UART_SetConfig
                0x080064d0      0x4e8 ./Drivers/STM32F4xx_HAL_Driver/Src/stm32f4xx_hal_uart.o
 .text.USB_CoreInit
                0x080069b8       0xc8 ./Drivers/STM32F4xx_HAL_Driver/Src/stm32f4xx_ll_usb.o
                0x080069b8                USB_CoreInit
 .text.USB_SetTurnaroundTime
                0x08006a80      0x144 ./Drivers/STM32F4xx_HAL_Driver/Src/stm32f4xx_ll_usb.o
                0x08006a80                USB_SetTurnaroundTime
 .text.USB_EnableGlobalInt
                0x08006bc4       0x22 ./Drivers/STM32F4xx_HAL_Driver/Src/stm32f4xx_ll_usb.o
                0x08006bc4                USB_EnableGlobalInt
 .text.USB_DisableGlobalInt
                0x08006be6       0x22 ./Drivers/STM32F4xx_HAL_Driver/Src/stm32f4xx_ll_usb.o
                0x08006be6                USB_DisableGlobalInt
 .text.USB_SetCurrentMode
                0x08006c08       0x98 ./Drivers/STM32F4xx_HAL_Driver/Src/stm32f4xx_ll_usb.o
                0x08006c08                USB_SetCurrentMode
 .text.USB_DevInit
                0x08006ca0      0x2bc ./Drivers/STM32F4xx_HAL_Driver/Src/stm32f4xx_ll_usb.o
                0x08006ca0                USB_DevInit
 .text.USB_FlushTxFifo
                0x08006f5c       0x64 ./Drivers/STM32F4xx_HAL_Driver/Src/stm32f4xx_ll_usb.o
                0x08006f5c                USB_FlushTxFifo
 .text.USB_FlushRxFifo
                0x08006fc0       0x5c ./Drivers/STM32F4xx_HAL_Driver/Src/stm32f4xx_ll_usb.o
                0x08006fc0                USB_FlushRxFifo
 .text.USB_SetDevSpeed
                0x0800701c       0x32 ./Drivers/STM32F4xx_HAL_Driver/Src/stm32f4xx_ll_usb.o
                0x0800701c                USB_SetDevSpeed
 .text.USB_GetDevSpeed
                0x0800704e       0x4a ./Drivers/STM32F4xx_HAL_Driver/Src/stm32f4xx_ll_usb.o
                0x0800704e                USB_GetDevSpeed
 .text.USB_ActivateEndpoint
                0x08007098      0x10e ./Drivers/STM32F4xx_HAL_Driver/Src/stm32f4xx_ll_usb.o
                0x08007098                USB_ActivateEndpoint
 *fill*         0x080071a6        0x2 
 .text.USB_DeactivateEndpoint
                0x080071a8      0x1b8 ./Drivers/STM32F4xx_HAL_Driver/Src/stm32f4xx_ll_usb.o
                0x080071a8                USB_DeactivateEndpoint
 .text.USB_EPStartXfer
                0x08007360      0x53c ./Drivers/STM32F4xx_HAL_Driver/Src/stm32f4xx_ll_usb.o
                0x08007360                USB_EPStartXfer
 .text.USB_EPStopXfer
                0x0800789c      0x154 ./Drivers/STM32F4xx_HAL_Driver/Src/stm32f4xx_ll_usb.o
                0x0800789c                USB_EPStopXfer
 .text.USB_WritePacket
                0x080079f0       0x7c ./Drivers/STM32F4xx_HAL_Driver/Src/stm32f4xx_ll_usb.o
                0x080079f0                USB_WritePacket
 .text.USB_ReadPacket
                0x08007a6c       0xb0 ./Drivers/STM32F4xx_HAL_Driver/Src/stm32f4xx_ll_usb.o
                0x08007a6c                USB_ReadPacket
 .text.USB_EPSetStall
                0x08007b1c       0xdc ./Drivers/STM32F4xx_HAL_Driver/Src/stm32f4xx_ll_usb.o
                0x08007b1c                USB_EPSetStall
 .text.USB_EPClearStall
                0x08007bf8       0xcc ./Drivers/STM32F4xx_HAL_Driver/Src/stm32f4xx_ll_usb.o
                0x08007bf8                USB_EPClearStall
 .text.USB_SetDevAddress
                0x08007cc4       0x4c ./Drivers/STM32F4xx_HAL_Driver/Src/stm32f4xx_ll_usb.o
                0x08007cc4                USB_SetDevAddress
 .text.USB_DevConnect
                0x08007d10       0x42 ./Drivers/STM32F4xx_HAL_Driver/Src/stm32f4xx_ll_usb.o
                0x08007d10                USB_DevConnect
 .text.USB_DevDisconnect
                0x08007d52       0x42 ./Drivers/STM32F4xx_HAL_Driver/Src/stm32f4xx_ll_usb.o
                0x08007d52                USB_DevDisconnect
 .text.USB_ReadInterrupts
                0x08007d94       0x26 ./Drivers/STM32F4xx_HAL_Driver/Src/stm32f4xx_ll_usb.o
                0x08007d94                USB_ReadInterrupts
 .text.USB_ReadDevAllOutEpInterrupt
                0x08007dba       0x34 ./Drivers/STM32F4xx_HAL_Driver/Src/stm32f4xx_ll_usb.o
                0x08007dba                USB_ReadDevAllOutEpInterrupt
 .text.USB_ReadDevAllInEpInterrupt
                0x08007dee       0x34 ./Drivers/STM32F4xx_HAL_Driver/Src/stm32f4xx_ll_usb.o
                0x08007dee                USB_ReadDevAllInEpInterrupt
 .text.USB_ReadDevOutEPInterrupt
                0x08007e22       0x3c ./Drivers/STM32F4xx_HAL_Driver/Src/stm32f4xx_ll_usb.o
                0x08007e22                USB_ReadDevOutEPInterrupt
 .text.USB_ReadDevInEPInterrupt
                0x08007e5e       0x5c ./Drivers/STM32F4xx_HAL_Driver/Src/stm32f4xx_ll_usb.o
                0x08007e5e                USB_ReadDevInEPInterrupt
 .text.USB_GetMode
                0x08007eba       0x1c ./Drivers/STM32F4xx_HAL_Driver/Src/stm32f4xx_ll_usb.o
                0x08007eba                USB_GetMode
 .text.USB_ActivateSetup
                0x08007ed6       0x46 ./Drivers/STM32F4xx_HAL_Driver/Src/stm32f4xx_ll_usb.o
                0x08007ed6                USB_ActivateSetup
 .text.USB_EP0_OutStart
                0x08007f1c       0xbc ./Drivers/STM32F4xx_HAL_Driver/Src/stm32f4xx_ll_usb.o
                0x08007f1c                USB_EP0_OutStart
 .text.USB_CoreReset
                0x08007fd8       0x62 ./Drivers/STM32F4xx_HAL_Driver/Src/stm32f4xx_ll_usb.o
 *fill*         0x0800803a        0x2 
 .text.USBD_AUDIO_Init
                0x0800803c      0x140 ./Middlewares/ST/STM32_USB_Device_Library/Class/AUDIO/Src/usbd_audio.o
 .text.USBD_AUDIO_DeInit
                0x0800817c       0xb4 ./Middlewares/ST/STM32_USB_Device_Library/Class/AUDIO/Src/usbd_audio.o
 .text.USBD_AUDIO_Setup
                0x08008230      0x1b8 ./Middlewares/ST/STM32_USB_Device_Library/Class/AUDIO/Src/usbd_audio.o
 .text.USBD_AUDIO_GetCfgDesc
                0x080083e8       0x20 ./Middlewares/ST/STM32_USB_Device_Library/Class/AUDIO/Src/usbd_audio.o
 .text.USBD_AUDIO_DataIn
                0x08008408       0x1a ./Middlewares/ST/STM32_USB_Device_Library/Class/AUDIO/Src/usbd_audio.o
 .text.USBD_AUDIO_EP0_RxReady
                0x08008422       0x80 ./Middlewares/ST/STM32_USB_Device_Library/Class/AUDIO/Src/usbd_audio.o
 .text.USBD_AUDIO_EP0_TxReady
                0x080084a2       0x16 ./Middlewares/ST/STM32_USB_Device_Library/Class/AUDIO/Src/usbd_audio.o
 .text.USBD_AUDIO_SOF
                0x080084b8       0x16 ./Middlewares/ST/STM32_USB_Device_Library/Class/AUDIO/Src/usbd_audio.o
 .text.USBD_AUDIO_IsoINIncomplete
                0x080084ce       0x1a ./Middlewares/ST/STM32_USB_Device_Library/Class/AUDIO/Src/usbd_audio.o
 .text.USBD_AUDIO_IsoOutIncomplete
                0x080084e8       0x5a ./Middlewares/ST/STM32_USB_Device_Library/Class/AUDIO/Src/usbd_audio.o
 *fill*         0x08008542        0x2 
 .text.USBD_AUDIO_DataOut
                0x08008544      0x130 ./Middlewares/ST/STM32_USB_Device_Library/Class/AUDIO/Src/usbd_audio.o
 .text.AUDIO_REQ_GetCurrent
                0x08008674       0x58 ./Middlewares/ST/STM32_USB_Device_Library/Class/AUDIO/Src/usbd_audio.o
 .text.AUDIO_REQ_SetCurrent
                0x080086cc       0x88 ./Middlewares/ST/STM32_USB_Device_Library/Class/AUDIO/Src/usbd_audio.o
 .text.USBD_AUDIO_GetDeviceQualifierDesc
                0x08008754       0x20 ./Middlewares/ST/STM32_USB_Device_Library/Class/AUDIO/Src/usbd_audio.o
 .text.USBD_AUDIO_RegisterInterface
                0x08008774       0x34 ./Middlewares/ST/STM32_USB_Device_Library/Class/AUDIO/Src/usbd_audio.o
                0x08008774                USBD_AUDIO_RegisterInterface
 .text.USBD_AUDIO_GetAudioHeaderDesc
                0x080087a8       0x64 ./Middlewares/ST/STM32_USB_Device_Library/Class/AUDIO/Src/usbd_audio.o
 .text.USBD_Init
                0x0800880c       0x7c ./Middlewares/ST/STM32_USB_Device_Library/Core/Src/usbd_core.o
                0x0800880c                USBD_Init
 .text.USBD_RegisterClass
                0x08008888       0x88 ./Middlewares/ST/STM32_USB_Device_Library/Core/Src/usbd_core.o
                0x08008888                USBD_RegisterClass
 .text.USBD_Start
                0x08008910       0x18 ./Middlewares/ST/STM32_USB_Device_Library/Core/Src/usbd_core.o
                0x08008910                USBD_Start
 .text.USBD_RunTestMode
                0x08008928       0x16 ./Middlewares/ST/STM32_USB_Device_Library/Core/Src/usbd_core.o
                0x08008928                USBD_RunTestMode
 .text.USBD_SetClassConfig
                0x0800893e       0x38 ./Middlewares/ST/STM32_USB_Device_Library/Core/Src/usbd_core.o
                0x0800893e                USBD_SetClassConfig
 .text.USBD_ClrClassConfig
                0x08008976       0x34 ./Middlewares/ST/STM32_USB_Device_Library/Core/Src/usbd_core.o
                0x08008976                USBD_ClrClassConfig
 .text.USBD_LL_SetupStage
                0x080089aa       0xaa ./Middlewares/ST/STM32_USB_Device_Library/Core/Src/usbd_core.o
                0x080089aa                USBD_LL_SetupStage
 .text.USBD_LL_DataOutStage
                0x08008a54      0x166 ./Middlewares/ST/STM32_USB_Device_Library/Core/Src/usbd_core.o
                0x08008a54                USBD_LL_DataOutStage
 .text.USBD_LL_DataInStage
                0x08008bba      0x164 ./Middlewares/ST/STM32_USB_Device_Library/Core/Src/usbd_core.o
                0x08008bba                USBD_LL_DataInStage
 .text.USBD_LL_Reset
                0x08008d1e       0xa4 ./Middlewares/ST/STM32_USB_Device_Library/Core/Src/usbd_core.o
                0x08008d1e                USBD_LL_Reset
 .text.USBD_LL_SetSpeed
                0x08008dc2       0x20 ./Middlewares/ST/STM32_USB_Device_Library/Core/Src/usbd_core.o
                0x08008dc2                USBD_LL_SetSpeed
 .text.USBD_LL_Suspend
                0x08008de2       0x38 ./Middlewares/ST/STM32_USB_Device_Library/Core/Src/usbd_core.o
                0x08008de2                USBD_LL_Suspend
 .text.USBD_LL_Resume
                0x08008e1a       0x30 ./Middlewares/ST/STM32_USB_Device_Library/Core/Src/usbd_core.o
                0x08008e1a                USBD_LL_Resume
 .text.USBD_LL_SOF
                0x08008e4a       0x40 ./Middlewares/ST/STM32_USB_Device_Library/Core/Src/usbd_core.o
                0x08008e4a                USBD_LL_SOF
 .text.USBD_LL_IsoINIncomplete
                0x08008e8a       0x64 ./Middlewares/ST/STM32_USB_Device_Library/Core/Src/usbd_core.o
                0x08008e8a                USBD_LL_IsoINIncomplete
 .text.USBD_LL_IsoOUTIncomplete
                0x08008eee       0x64 ./Middlewares/ST/STM32_USB_Device_Library/Core/Src/usbd_core.o
                0x08008eee                USBD_LL_IsoOUTIncomplete
 .text.USBD_LL_DevConnected
                0x08008f52       0x16 ./Middlewares/ST/STM32_USB_Device_Library/Core/Src/usbd_core.o
                0x08008f52                USBD_LL_DevConnected
 .text.USBD_LL_DevDisconnected
                0x08008f68       0x46 ./Middlewares/ST/STM32_USB_Device_Library/Core/Src/usbd_core.o
                0x08008f68                USBD_LL_DevDisconnected
 .text.USBD_CoreFindIF
                0x08008fae       0x1a ./Middlewares/ST/STM32_USB_Device_Library/Core/Src/usbd_core.o
                0x08008fae                USBD_CoreFindIF
 .text.USBD_CoreFindEP
                0x08008fc8       0x1a ./Middlewares/ST/STM32_USB_Device_Library/Core/Src/usbd_core.o
                0x08008fc8                USBD_CoreFindEP
 .text.USBD_GetNextDesc
                0x08008fe2       0x38 ./Middlewares/ST/STM32_USB_Device_Library/Core/Src/usbd_core.o
                0x08008fe2                USBD_GetNextDesc
 .text.SWAPBYTE
                0x0800901a       0x3c ./Middlewares/ST/STM32_USB_Device_Library/Core/Src/usbd_ctlreq.o
 *fill*         0x08009056        0x2 
 .text.USBD_StdDevReq
                0x08009058       0xe4 ./Middlewares/ST/STM32_USB_Device_Library/Core/Src/usbd_ctlreq.o
                0x08009058                USBD_StdDevReq
 .text.USBD_StdItfReq
                0x0800913c       0xd8 ./Middlewares/ST/STM32_USB_Device_Library/Core/Src/usbd_ctlreq.o
                0x0800913c                USBD_StdItfReq
 .text.USBD_StdEPReq
                0x08009214      0x33a ./Middlewares/ST/STM32_USB_Device_Library/Core/Src/usbd_ctlreq.o
                0x08009214                USBD_StdEPReq
 *fill*         0x0800954e        0x2 
 .text.USBD_GetDescriptor
                0x08009550      0x328 ./Middlewares/ST/STM32_USB_Device_Library/Core/Src/usbd_ctlreq.o
 .text.USBD_SetAddress
                0x08009878       0x88 ./Middlewares/ST/STM32_USB_Device_Library/Core/Src/usbd_ctlreq.o
 .text.USBD_SetConfig
                0x08009900      0x154 ./Middlewares/ST/STM32_USB_Device_Library/Core/Src/usbd_ctlreq.o
 .text.USBD_GetConfig
                0x08009a54       0x6c ./Middlewares/ST/STM32_USB_Device_Library/Core/Src/usbd_ctlreq.o
 .text.USBD_GetStatus
                0x08009ac0       0x68 ./Middlewares/ST/STM32_USB_Device_Library/Core/Src/usbd_ctlreq.o
 .text.USBD_SetFeature
                0x08009b28       0x52 ./Middlewares/ST/STM32_USB_Device_Library/Core/Src/usbd_ctlreq.o
 .text.USBD_ClrFeature
                0x08009b7a       0x44 ./Middlewares/ST/STM32_USB_Device_Library/Core/Src/usbd_ctlreq.o
 .text.USBD_ParseSetupRequest
                0x08009bbe       0x74 ./Middlewares/ST/STM32_USB_Device_Library/Core/Src/usbd_ctlreq.o
                0x08009bbe                USBD_ParseSetupRequest
 .text.USBD_CtlError
                0x08009c32       0x22 ./Middlewares/ST/STM32_USB_Device_Library/Core/Src/usbd_ctlreq.o
                0x08009c32                USBD_CtlError
 .text.USBD_GetString
                0x08009c54       0xa4 ./Middlewares/ST/STM32_USB_Device_Library/Core/Src/usbd_ctlreq.o
                0x08009c54                USBD_GetString
 .text.USBD_GetLen
                0x08009cf8       0x34 ./Middlewares/ST/STM32_USB_Device_Library/Core/Src/usbd_ctlreq.o
 .text.USBD_CtlSendData
                0x08009d2c       0x36 ./Middlewares/ST/STM32_USB_Device_Library/Core/Src/usbd_ioreq.o
                0x08009d2c                USBD_CtlSendData
 .text.USBD_CtlContinueSendData
                0x08009d62       0x22 ./Middlewares/ST/STM32_USB_Device_Library/Core/Src/usbd_ioreq.o
                0x08009d62                USBD_CtlContinueSendData
 .text.USBD_CtlPrepareRx
                0x08009d84       0x3a ./Middlewares/ST/STM32_USB_Device_Library/Core/Src/usbd_ioreq.o
                0x08009d84                USBD_CtlPrepareRx
 .text.USBD_CtlContinueRx
                0x08009dbe       0x22 ./Middlewares/ST/STM32_USB_Device_Library/Core/Src/usbd_ioreq.o
                0x08009dbe                USBD_CtlContinueRx
 .text.USBD_CtlSendStatus
                0x08009de0       0x26 ./Middlewares/ST/STM32_USB_Device_Library/Core/Src/usbd_ioreq.o
                0x08009de0                USBD_CtlSendStatus
 .text.USBD_CtlReceiveStatus
                0x08009e06       0x26 ./Middlewares/ST/STM32_USB_Device_Library/Core/Src/usbd_ioreq.o
                0x08009e06                USBD_CtlReceiveStatus
 .text.MX_USB_DEVICE_Init
                0x08009e2c       0x60 ./USB_DEVICE/App/usb_device.o
                0x08009e2c                MX_USB_DEVICE_Init
 .text.AUDIO_Init_FS
                0x08009e8c       0x1a ./USB_DEVICE/App/usbd_audio_if.o
 .text.AUDIO_DeInit_FS
                0x08009ea6       0x16 ./USB_DEVICE/App/usbd_audio_if.o
 .text.AUDIO_AudioCmd_FS
                0x08009ebc       0x5c ./USB_DEVICE/App/usbd_audio_if.o
 .text.AUDIO_VolumeCtl_FS
                0x08009f18       0x18 ./USB_DEVICE/App/usbd_audio_if.o
 .text.AUDIO_MuteCtl_FS
                0x08009f30       0x18 ./USB_DEVICE/App/usbd_audio_if.o
 .text.AUDIO_PeriodicTC_FS
                0x08009f48       0x1c ./USB_DEVICE/App/usbd_audio_if.o
 .text.AUDIO_GetState_FS
                0x08009f64       0x10 ./USB_DEVICE/App/usbd_audio_if.o
 .text.USBD_FS_DeviceDescriptor
                0x08009f74       0x24 ./USB_DEVICE/App/usbd_desc.o
                0x08009f74                USBD_FS_DeviceDescriptor
 .text.USBD_FS_LangIDStrDescriptor
                0x08009f98       0x24 ./USB_DEVICE/App/usbd_desc.o
                0x08009f98                USBD_FS_LangIDStrDescriptor
 .text.USBD_FS_ProductStrDescriptor
                0x08009fbc       0x3c ./USB_DEVICE/App/usbd_desc.o
                0x08009fbc                USBD_FS_ProductStrDescriptor
 .text.USBD_FS_ManufacturerStrDescriptor
                0x08009ff8       0x28 ./USB_DEVICE/App/usbd_desc.o
                0x08009ff8                USBD_FS_ManufacturerStrDescriptor
 .text.USBD_FS_SerialStrDescriptor
                0x0800a020       0x24 ./USB_DEVICE/App/usbd_desc.o
                0x0800a020                USBD_FS_SerialStrDescriptor
 .text.USBD_FS_ConfigStrDescriptor
                0x0800a044       0x3c ./USB_DEVICE/App/usbd_desc.o
                0x0800a044                USBD_FS_ConfigStrDescriptor
 .text.USBD_FS_InterfaceStrDescriptor
                0x0800a080       0x3c ./USB_DEVICE/App/usbd_desc.o
                0x0800a080                USBD_FS_InterfaceStrDescriptor
 .text.USBD_FS_USR_BOSDescriptor
                0x0800a0bc       0x24 ./USB_DEVICE/App/usbd_desc.o
                0x0800a0bc                USBD_FS_USR_BOSDescriptor
 .text.Get_SerialNum
                0x0800a0e0       0x58 ./USB_DEVICE/App/usbd_desc.o
 .text.IntToUnicode
                0x0800a138       0x7e ./USB_DEVICE/App/usbd_desc.o
 *fill*         0x0800a1b6        0x2 
 .text.HAL_PCD_MspInit
                0x0800a1b8       0xf0 ./USB_DEVICE/Target/usbd_conf.o
                0x0800a1b8                HAL_PCD_MspInit
 .text.HAL_PCD_SetupStageCallback
                0x0800a2a8       0x24 ./USB_DEVICE/Target/usbd_conf.o
                0x0800a2a8                HAL_PCD_SetupStageCallback
 .text.HAL_PCD_DataOutStageCallback
                0x0800a2cc       0x36 ./USB_DEVICE/Target/usbd_conf.o
                0x0800a2cc                HAL_PCD_DataOutStageCallback
 .text.HAL_PCD_DataInStageCallback
                0x0800a302       0x34 ./USB_DEVICE/Target/usbd_conf.o
                0x0800a302                HAL_PCD_DataInStageCallback
 .text.HAL_PCD_SOFCallback
                0x0800a336       0x1c ./USB_DEVICE/Target/usbd_conf.o
                0x0800a336                HAL_PCD_SOFCallback
 .text.HAL_PCD_ResetCallback
                0x0800a352       0x50 ./USB_DEVICE/Target/usbd_conf.o
                0x0800a352                HAL_PCD_ResetCallback
 *fill*         0x0800a3a2        0x2 
 .text.HAL_PCD_SuspendCallback
                0x0800a3a4       0x4c ./USB_DEVICE/Target/usbd_conf.o
                0x0800a3a4                HAL_PCD_SuspendCallback
 .text.HAL_PCD_ResumeCallback
                0x0800a3f0       0x1c ./USB_DEVICE/Target/usbd_conf.o
                0x0800a3f0                HAL_PCD_ResumeCallback
 .text.HAL_PCD_ISOOUTIncompleteCallback
                0x0800a40c       0x24 ./USB_DEVICE/Target/usbd_conf.o
                0x0800a40c                HAL_PCD_ISOOUTIncompleteCallback
 .text.HAL_PCD_ISOINIncompleteCallback
                0x0800a430       0x24 ./USB_DEVICE/Target/usbd_conf.o
                0x0800a430                HAL_PCD_ISOINIncompleteCallback
 .text.HAL_PCD_ConnectCallback
                0x0800a454       0x1c ./USB_DEVICE/Target/usbd_conf.o
                0x0800a454                HAL_PCD_ConnectCallback
 .text.HAL_PCD_DisconnectCallback
                0x0800a470       0x1c ./USB_DEVICE/Target/usbd_conf.o
                0x0800a470                HAL_PCD_DisconnectCallback
 .text.USBD_LL_Init
                0x0800a48c       0x98 ./USB_DEVICE/Target/usbd_conf.o
                0x0800a48c                USBD_LL_Init
 .text.USBD_LL_Start
                0x0800a524       0x36 ./USB_DEVICE/Target/usbd_conf.o
                0x0800a524                USBD_LL_Start
 .text.USBD_LL_OpenEP
                0x0800a55a       0x4c ./USB_DEVICE/Target/usbd_conf.o
                0x0800a55a                USBD_LL_OpenEP
 .text.USBD_LL_CloseEP
                0x0800a5a6       0x3e ./USB_DEVICE/Target/usbd_conf.o
                0x0800a5a6                USBD_LL_CloseEP
 .text.USBD_LL_StallEP
                0x0800a5e4       0x3e ./USB_DEVICE/Target/usbd_conf.o
                0x0800a5e4                USBD_LL_StallEP
 .text.USBD_LL_ClearStallEP
                0x0800a622       0x3e ./USB_DEVICE/Target/usbd_conf.o
                0x0800a622                USBD_LL_ClearStallEP
 .text.USBD_LL_IsStallEP
                0x0800a660       0x58 ./USB_DEVICE/Target/usbd_conf.o
                0x0800a660                USBD_LL_IsStallEP
 .text.USBD_LL_SetUSBAddress
                0x0800a6b8       0x3e ./USB_DEVICE/Target/usbd_conf.o
                0x0800a6b8                USBD_LL_SetUSBAddress
 .text.USBD_LL_Transmit
                0x0800a6f6       0x42 ./USB_DEVICE/Target/usbd_conf.o
                0x0800a6f6                USBD_LL_Transmit
 .text.USBD_LL_PrepareReceive
                0x0800a738       0x42 ./USB_DEVICE/Target/usbd_conf.o
                0x0800a738                USBD_LL_PrepareReceive
 .text.USBD_LL_GetRxDataSize
                0x0800a77a       0x26 ./USB_DEVICE/Target/usbd_conf.o
                0x0800a77a                USBD_LL_GetRxDataSize
 .text.HAL_PCDEx_LPM_Callback
                0x0800a7a0       0x9c ./USB_DEVICE/Target/usbd_conf.o
                0x0800a7a0                HAL_PCDEx_LPM_Callback
 .text.USBD_static_malloc
                0x0800a83c       0x1c ./USB_DEVICE/Target/usbd_conf.o
                0x0800a83c                USBD_static_malloc
 .text.USBD_static_free
                0x0800a858       0x14 ./USB_DEVICE/Target/usbd_conf.o
                0x0800a858                USBD_static_free
 .text.USBD_Get_USB_Status
                0x0800a86c       0x58 ./USB_DEVICE/Target/usbd_conf.o
                0x0800a86c                USBD_Get_USB_Status
 .text.std      0x0800a8c4       0x6c C:/ST/STM32CubeIDE_1.13.0/STM32CubeIDE/plugins/com.st.stm32cube.ide.mcu.externaltools.gnu-tools-for-stm32.12.3.rel1.win32_1.1.0.202410251130/tools/bin/../lib/gcc/arm-none-eabi/12.3.1/../../../../arm-none-eabi/lib/thumb/v7e-m+fp/hard\libc_nano.a(libc_a-findfp.o)
 .text.stdio_exit_handler
                0x0800a930       0x18 C:/ST/STM32CubeIDE_1.13.0/STM32CubeIDE/plugins/com.st.stm32cube.ide.mcu.externaltools.gnu-tools-for-stm32.12.3.rel1.win32_1.1.0.202410251130/tools/bin/../lib/gcc/arm-none-eabi/12.3.1/../../../../arm-none-eabi/lib/thumb/v7e-m+fp/hard\libc_nano.a(libc_a-findfp.o)
 .text.cleanup_stdio
                0x0800a948       0x40 C:/ST/STM32CubeIDE_1.13.0/STM32CubeIDE/plugins/com.st.stm32cube.ide.mcu.externaltools.gnu-tools-for-stm32.12.3.rel1.win32_1.1.0.202410251130/tools/bin/../lib/gcc/arm-none-eabi/12.3.1/../../../../arm-none-eabi/lib/thumb/v7e-m+fp/hard\libc_nano.a(libc_a-findfp.o)
 .text.global_stdio_init.part.0
                0x0800a988       0x3c C:/ST/STM32CubeIDE_1.13.0/STM32CubeIDE/plugins/com.st.stm32cube.ide.mcu.externaltools.gnu-tools-for-stm32.12.3.rel1.win32_1.1.0.202410251130/tools/bin/../lib/gcc/arm-none-eabi/12.3.1/../../../../arm-none-eabi/lib/thumb/v7e-m+fp/hard\libc_nano.a(libc_a-findfp.o)
 .text.__sfp_lock_acquire
                0x0800a9c4        0xc C:/ST/STM32CubeIDE_1.13.0/STM32CubeIDE/plugins/com.st.stm32cube.ide.mcu.externaltools.gnu-tools-for-stm32.12.3.rel1.win32_1.1.0.202410251130/tools/bin/../lib/gcc/arm-none-eabi/12.3.1/../../../../arm-none-eabi/lib/thumb/v7e-m+fp/hard\libc_nano.a(libc_a-findfp.o)
                0x0800a9c4                __sfp_lock_acquire
 .text.__sfp_lock_release
                0x0800a9d0        0xc C:/ST/STM32CubeIDE_1.13.0/STM32CubeIDE/plugins/com.st.stm32cube.ide.mcu.externaltools.gnu-tools-for-stm32.12.3.rel1.win32_1.1.0.202410251130/tools/bin/../lib/gcc/arm-none-eabi/12.3.1/../../../../arm-none-eabi/lib/thumb/v7e-m+fp/hard\libc_nano.a(libc_a-findfp.o)
                0x0800a9d0                __sfp_lock_release
 .text.__sinit  0x0800a9dc       0x30 C:/ST/STM32CubeIDE_1.13.0/STM32CubeIDE/plugins/com.st.stm32cube.ide.mcu.externaltools.gnu-tools-for-stm32.12.3.rel1.win32_1.1.0.202410251130/tools/bin/../lib/gcc/arm-none-eabi/12.3.1/../../../../arm-none-eabi/lib/thumb/v7e-m+fp/hard\libc_nano.a(libc_a-findfp.o)
                0x0800a9dc                __sinit
 .text._fwalk_sglue
                0x0800aa0c       0x3c C:/ST/STM32CubeIDE_1.13.0/STM32CubeIDE/plugins/com.st.stm32cube.ide.mcu.externaltools.gnu-tools-for-stm32.12.3.rel1.win32_1.1.0.202410251130/tools/bin/../lib/gcc/arm-none-eabi/12.3.1/../../../../arm-none-eabi/lib/thumb/v7e-m+fp/hard\libc_nano.a(libc_a-fwalk.o)
                0x0800aa0c                _fwalk_sglue
 .text.printf   0x0800aa48       0x24 C:/ST/STM32CubeIDE_1.13.0/STM32CubeIDE/plugins/com.st.stm32cube.ide.mcu.externaltools.gnu-tools-for-stm32.12.3.rel1.win32_1.1.0.202410251130/tools/bin/../lib/gcc/arm-none-eabi/12.3.1/../../../../arm-none-eabi/lib/thumb/v7e-m+fp/hard\libc_nano.a(libc_a-printf.o)
                0x0800aa48                iprintf
                0x0800aa48                printf
 .text.putchar  0x0800aa6c       0x10 C:/ST/STM32CubeIDE_1.13.0/STM32CubeIDE/plugins/com.st.stm32cube.ide.mcu.externaltools.gnu-tools-for-stm32.12.3.rel1.win32_1.1.0.202410251130/tools/bin/../lib/gcc/arm-none-eabi/12.3.1/../../../../arm-none-eabi/lib/thumb/v7e-m+fp/hard\libc_nano.a(libc_a-putchar.o)
                0x0800aa6c                putchar
 .text._puts_r  0x0800aa7c       0xaa C:/ST/STM32CubeIDE_1.13.0/STM32CubeIDE/plugins/com.st.stm32cube.ide.mcu.externaltools.gnu-tools-for-stm32.12.3.rel1.win32_1.1.0.202410251130/tools/bin/../lib/gcc/arm-none-eabi/12.3.1/../../../../arm-none-eabi/lib/thumb/v7e-m+fp/hard\libc_nano.a(libc_a-puts.o)
                0x0800aa7c                _puts_r
 *fill*         0x0800ab26        0x2 
 .text.puts     0x0800ab28       0x10 C:/ST/STM32CubeIDE_1.13.0/STM32CubeIDE/plugins/com.st.stm32cube.ide.mcu.externaltools.gnu-tools-for-stm32.12.3.rel1.win32_1.1.0.202410251130/tools/bin/../lib/gcc/arm-none-eabi/12.3.1/../../../../arm-none-eabi/lib/thumb/v7e-m+fp/hard\libc_nano.a(libc_a-puts.o)
                0x0800ab28                puts
 .text.__sread  0x0800ab38       0x22 C:/ST/STM32CubeIDE_1.13.0/STM32CubeIDE/plugins/com.st.stm32cube.ide.mcu.externaltools.gnu-tools-for-stm32.12.3.rel1.win32_1.1.0.202410251130/tools/bin/../lib/gcc/arm-none-eabi/12.3.1/../../../../arm-none-eabi/lib/thumb/v7e-m+fp/hard\libc_nano.a(libc_a-stdio.o)
                0x0800ab38                __sread
 .text.__swrite
                0x0800ab5a       0x38 C:/ST/STM32CubeIDE_1.13.0/STM32CubeIDE/plugins/com.st.stm32cube.ide.mcu.externaltools.gnu-tools-for-stm32.12.3.rel1.win32_1.1.0.202410251130/tools/bin/../lib/gcc/arm-none-eabi/12.3.1/../../../../arm-none-eabi/lib/thumb/v7e-m+fp/hard\libc_nano.a(libc_a-stdio.o)
                0x0800ab5a                __swrite
 .text.__sseek  0x0800ab92       0x24 C:/ST/STM32CubeIDE_1.13.0/STM32CubeIDE/plugins/com.st.stm32cube.ide.mcu.externaltools.gnu-tools-for-stm32.12.3.rel1.win32_1.1.0.202410251130/tools/bin/../lib/gcc/arm-none-eabi/12.3.1/../../../../arm-none-eabi/lib/thumb/v7e-m+fp/hard\libc_nano.a(libc_a-stdio.o)
                0x0800ab92                __sseek
 .text.__sclose
                0x0800abb6        0x8 C:/ST/STM32CubeIDE_1.13.0/STM32CubeIDE/plugins/com.st.stm32cube.ide.mcu.externaltools.gnu-tools-for-stm32.12.3.rel1.win32_1.1.0.202410251130/tools/bin/../lib/gcc/arm-none-eabi/12.3.1/../../../../arm-none-eabi/lib/thumb/v7e-m+fp/hard\libc_nano.a(libc_a-stdio.o)
                0x0800abb6                __sclose
 .text.__swbuf_r
                0x0800abbe       0x7c C:/ST/STM32CubeIDE_1.13.0/STM32CubeIDE/plugins/com.st.stm32cube.ide.mcu.externaltools.gnu-tools-for-stm32.12.3.rel1.win32_1.1.0.202410251130/tools/bin/../lib/gcc/arm-none-eabi/12.3.1/../../../../arm-none-eabi/lib/thumb/v7e-m+fp/hard\libc_nano.a(libc_a-wbuf.o)
                0x0800abbe                __swbuf_r
 *fill*         0x0800ac3a        0x2 
 .text.__swsetup_r
                0x0800ac3c       0xac C:/ST/STM32CubeIDE_1.13.0/STM32CubeIDE/plugins/com.st.stm32cube.ide.mcu.externaltools.gnu-tools-for-stm32.12.3.rel1.win32_1.1.0.202410251130/tools/bin/../lib/gcc/arm-none-eabi/12.3.1/../../../../arm-none-eabi/lib/thumb/v7e-m+fp/hard\libc_nano.a(libc_a-wsetup.o)
                0x0800ac3c                __swsetup_r
 .text.memset   0x0800ace8       0x10 C:/ST/STM32CubeIDE_1.13.0/STM32CubeIDE/plugins/com.st.stm32cube.ide.mcu.externaltools.gnu-tools-for-stm32.12.3.rel1.win32_1.1.0.202410251130/tools/bin/../lib/gcc/arm-none-eabi/12.3.1/../../../../arm-none-eabi/lib/thumb/v7e-m+fp/hard\libc_nano.a(libc_a-memset.o)
                0x0800ace8                memset
 .text._close_r
                0x0800acf8       0x20 C:/ST/STM32CubeIDE_1.13.0/STM32CubeIDE/plugins/com.st.stm32cube.ide.mcu.externaltools.gnu-tools-for-stm32.12.3.rel1.win32_1.1.0.202410251130/tools/bin/../lib/gcc/arm-none-eabi/12.3.1/../../../../arm-none-eabi/lib/thumb/v7e-m+fp/hard\libc_nano.a(libc_a-closer.o)
                0x0800acf8                _close_r
 .text._lseek_r
                0x0800ad18       0x24 C:/ST/STM32CubeIDE_1.13.0/STM32CubeIDE/plugins/com.st.stm32cube.ide.mcu.externaltools.gnu-tools-for-stm32.12.3.rel1.win32_1.1.0.202410251130/tools/bin/../lib/gcc/arm-none-eabi/12.3.1/../../../../arm-none-eabi/lib/thumb/v7e-m+fp/hard\libc_nano.a(libc_a-lseekr.o)
                0x0800ad18                _lseek_r
 .text._read_r  0x0800ad3c       0x24 C:/ST/STM32CubeIDE_1.13.0/STM32CubeIDE/plugins/com.st.stm32cube.ide.mcu.externaltools.gnu-tools-for-stm32.12.3.rel1.win32_1.1.0.202410251130/tools/bin/../lib/gcc/arm-none-eabi/12.3.1/../../../../arm-none-eabi/lib/thumb/v7e-m+fp/hard\libc_nano.a(libc_a-readr.o)
                0x0800ad3c                _read_r
 .text._write_r
                0x0800ad60       0x24 C:/ST/STM32CubeIDE_1.13.0/STM32CubeIDE/plugins/com.st.stm32cube.ide.mcu.externaltools.gnu-tools-for-stm32.12.3.rel1.win32_1.1.0.202410251130/tools/bin/../lib/gcc/arm-none-eabi/12.3.1/../../../../arm-none-eabi/lib/thumb/v7e-m+fp/hard\libc_nano.a(libc_a-writer.o)
                0x0800ad60                _write_r
 .text.__errno  0x0800ad84        0xc C:/ST/STM32CubeIDE_1.13.0/STM32CubeIDE/plugins/com.st.stm32cube.ide.mcu.externaltools.gnu-tools-for-stm32.12.3.rel1.win32_1.1.0.202410251130/tools/bin/../lib/gcc/arm-none-eabi/12.3.1/../../../../arm-none-eabi/lib/thumb/v7e-m+fp/hard\libc_nano.a(libc_a-errno.o)
                0x0800ad84                __errno
 .text.__libc_init_array
                0x0800ad90       0x48 C:/ST/STM32CubeIDE_1.13.0/STM32CubeIDE/plugins/com.st.stm32cube.ide.mcu.externaltools.gnu-tools-for-stm32.12.3.rel1.win32_1.1.0.202410251130/tools/bin/../lib/gcc/arm-none-eabi/12.3.1/../../../../arm-none-eabi/lib/thumb/v7e-m+fp/hard\libc_nano.a(libc_a-init.o)
                0x0800ad90                __libc_init_array
 .text.__retarget_lock_init_recursive
                0x0800add8        0x2 C:/ST/STM32CubeIDE_1.13.0/STM32CubeIDE/plugins/com.st.stm32cube.ide.mcu.externaltools.gnu-tools-for-stm32.12.3.rel1.win32_1.1.0.202410251130/tools/bin/../lib/gcc/arm-none-eabi/12.3.1/../../../../arm-none-eabi/lib/thumb/v7e-m+fp/hard\libc_nano.a(libc_a-lock.o)
                0x0800add8                __retarget_lock_init_recursive
 .text.__retarget_lock_acquire_recursive
                0x0800adda        0x2 C:/ST/STM32CubeIDE_1.13.0/STM32CubeIDE/plugins/com.st.stm32cube.ide.mcu.externaltools.gnu-tools-for-stm32.12.3.rel1.win32_1.1.0.202410251130/tools/bin/../lib/gcc/arm-none-eabi/12.3.1/../../../../arm-none-eabi/lib/thumb/v7e-m+fp/hard\libc_nano.a(libc_a-lock.o)
                0x0800adda                __retarget_lock_acquire_recursive
 .text.__retarget_lock_release_recursive
                0x0800addc        0x2 C:/ST/STM32CubeIDE_1.13.0/STM32CubeIDE/plugins/com.st.stm32cube.ide.mcu.externaltools.gnu-tools-for-stm32.12.3.rel1.win32_1.1.0.202410251130/tools/bin/../lib/gcc/arm-none-eabi/12.3.1/../../../../arm-none-eabi/lib/thumb/v7e-m+fp/hard\libc_nano.a(libc_a-lock.o)
                0x0800addc                __retarget_lock_release_recursive
 *fill*         0x0800adde        0x2 
 .text._free_r  0x0800ade0       0x94 C:/ST/STM32CubeIDE_1.13.0/STM32CubeIDE/plugins/com.st.stm32cube.ide.mcu.externaltools.gnu-tools-for-stm32.12.3.rel1.win32_1.1.0.202410251130/tools/bin/../lib/gcc/arm-none-eabi/12.3.1/../../../../arm-none-eabi/lib/thumb/v7e-m+fp/hard\libc_nano.a(libc_a-freer.o)
                0x0800ade0                _free_r
 .text.sbrk_aligned
                0x0800ae74       0x44 C:/ST/STM32CubeIDE_1.13.0/STM32CubeIDE/plugins/com.st.stm32cube.ide.mcu.externaltools.gnu-tools-for-stm32.12.3.rel1.win32_1.1.0.202410251130/tools/bin/../lib/gcc/arm-none-eabi/12.3.1/../../../../arm-none-eabi/lib/thumb/v7e-m+fp/hard\libc_nano.a(libc_a-mallocr.o)
 .text._malloc_r
                0x0800aeb8      0x100 C:/ST/STM32CubeIDE_1.13.0/STM32CubeIDE/plugins/com.st.stm32cube.ide.mcu.externaltools.gnu-tools-for-stm32.12.3.rel1.win32_1.1.0.202410251130/tools/bin/../lib/gcc/arm-none-eabi/12.3.1/../../../../arm-none-eabi/lib/thumb/v7e-m+fp/hard\libc_nano.a(libc_a-mallocr.o)
                0x0800aeb8                _malloc_r
 .text.__malloc_lock
                0x0800afb8        0xc C:/ST/STM32CubeIDE_1.13.0/STM32CubeIDE/plugins/com.st.stm32cube.ide.mcu.externaltools.gnu-tools-for-stm32.12.3.rel1.win32_1.1.0.202410251130/tools/bin/../lib/gcc/arm-none-eabi/12.3.1/../../../../arm-none-eabi/lib/thumb/v7e-m+fp/hard\libc_nano.a(libc_a-mlock.o)
                0x0800afb8                __malloc_lock
 .text.__malloc_unlock
                0x0800afc4        0xc C:/ST/STM32CubeIDE_1.13.0/STM32CubeIDE/plugins/com.st.stm32cube.ide.mcu.externaltools.gnu-tools-for-stm32.12.3.rel1.win32_1.1.0.202410251130/tools/bin/../lib/gcc/arm-none-eabi/12.3.1/../../../../arm-none-eabi/lib/thumb/v7e-m+fp/hard\libc_nano.a(libc_a-mlock.o)
                0x0800afc4                __malloc_unlock
 .text.__sfputc_r
                0x0800afd0       0x2e C:/ST/STM32CubeIDE_1.13.0/STM32CubeIDE/plugins/com.st.stm32cube.ide.mcu.externaltools.gnu-tools-for-stm32.12.3.rel1.win32_1.1.0.202410251130/tools/bin/../lib/gcc/arm-none-eabi/12.3.1/../../../../arm-none-eabi/lib/thumb/v7e-m+fp/hard\libc_nano.a(libc_a-nano-vfprintf.o)
 .text.__sfputs_r
                0x0800affe       0x24 C:/ST/STM32CubeIDE_1.13.0/STM32CubeIDE/plugins/com.st.stm32cube.ide.mcu.externaltools.gnu-tools-for-stm32.12.3.rel1.win32_1.1.0.202410251130/tools/bin/../lib/gcc/arm-none-eabi/12.3.1/../../../../arm-none-eabi/lib/thumb/v7e-m+fp/hard\libc_nano.a(libc_a-nano-vfprintf.o)
                0x0800affe                __sfputs_r
 *fill*         0x0800b022        0x2 
 .text._vfprintf_r
                0x0800b024      0x230 C:/ST/STM32CubeIDE_1.13.0/STM32CubeIDE/plugins/com.st.stm32cube.ide.mcu.externaltools.gnu-tools-for-stm32.12.3.rel1.win32_1.1.0.202410251130/tools/bin/../lib/gcc/arm-none-eabi/12.3.1/../../../../arm-none-eabi/lib/thumb/v7e-m+fp/hard\libc_nano.a(libc_a-nano-vfprintf.o)
                0x0800b024                _vfprintf_r
                0x0800b024                _vfiprintf_r
 .text._printf_common
                0x0800b254       0xda C:/ST/STM32CubeIDE_1.13.0/STM32CubeIDE/plugins/com.st.stm32cube.ide.mcu.externaltools.gnu-tools-for-stm32.12.3.rel1.win32_1.1.0.202410251130/tools/bin/../lib/gcc/arm-none-eabi/12.3.1/../../../../arm-none-eabi/lib/thumb/v7e-m+fp/hard\libc_nano.a(libc_a-nano-vfprintf_i.o)
                0x0800b254                _printf_common
 *fill*         0x0800b32e        0x2 
 .text._printf_i
                0x0800b330      0x240 C:/ST/STM32CubeIDE_1.13.0/STM32CubeIDE/plugins/com.st.stm32cube.ide.mcu.externaltools.gnu-tools-for-stm32.12.3.rel1.win32_1.1.0.202410251130/tools/bin/../lib/gcc/arm-none-eabi/12.3.1/../../../../arm-none-eabi/lib/thumb/v7e-m+fp/hard\libc_nano.a(libc_a-nano-vfprintf_i.o)
                0x0800b330                _printf_i
 .text.__sflush_r
                0x0800b570      0x108 C:/ST/STM32CubeIDE_1.13.0/STM32CubeIDE/plugins/com.st.stm32cube.ide.mcu.externaltools.gnu-tools-for-stm32.12.3.rel1.win32_1.1.0.202410251130/tools/bin/../lib/gcc/arm-none-eabi/12.3.1/../../../../arm-none-eabi/lib/thumb/v7e-m+fp/hard\libc_nano.a(libc_a-fflush.o)
                0x0800b570                __sflush_r
 .text._fflush_r
                0x0800b678       0x50 C:/ST/STM32CubeIDE_1.13.0/STM32CubeIDE/plugins/com.st.stm32cube.ide.mcu.externaltools.gnu-tools-for-stm32.12.3.rel1.win32_1.1.0.202410251130/tools/bin/../lib/gcc/arm-none-eabi/12.3.1/../../../../arm-none-eabi/lib/thumb/v7e-m+fp/hard\libc_nano.a(libc_a-fflush.o)
                0x0800b678                _fflush_r
 .text.__swhatbuf_r
                0x0800b6c8       0x4c C:/ST/STM32CubeIDE_1.13.0/STM32CubeIDE/plugins/com.st.stm32cube.ide.mcu.externaltools.gnu-tools-for-stm32.12.3.rel1.win32_1.1.0.202410251130/tools/bin/../lib/gcc/arm-none-eabi/12.3.1/../../../../arm-none-eabi/lib/thumb/v7e-m+fp/hard\libc_nano.a(libc_a-makebuf.o)
                0x0800b6c8                __swhatbuf_r
 .text.__smakebuf_r
                0x0800b714       0x78 C:/ST/STM32CubeIDE_1.13.0/STM32CubeIDE/plugins/com.st.stm32cube.ide.mcu.externaltools.gnu-tools-for-stm32.12.3.rel1.win32_1.1.0.202410251130/tools/bin/../lib/gcc/arm-none-eabi/12.3.1/../../../../arm-none-eabi/lib/thumb/v7e-m+fp/hard\libc_nano.a(libc_a-makebuf.o)
                0x0800b714                __smakebuf_r
 .text._putc_r  0x0800b78c       0x68 C:/ST/STM32CubeIDE_1.13.0/STM32CubeIDE/plugins/com.st.stm32cube.ide.mcu.externaltools.gnu-tools-for-stm32.12.3.rel1.win32_1.1.0.202410251130/tools/bin/../lib/gcc/arm-none-eabi/12.3.1/../../../../arm-none-eabi/lib/thumb/v7e-m+fp/hard\libc_nano.a(libc_a-putc.o)
                0x0800b78c                _putc_r
 .text._fstat_r
                0x0800b7f4       0x24 C:/ST/STM32CubeIDE_1.13.0/STM32CubeIDE/plugins/com.st.stm32cube.ide.mcu.externaltools.gnu-tools-for-stm32.12.3.rel1.win32_1.1.0.202410251130/tools/bin/../lib/gcc/arm-none-eabi/12.3.1/../../../../arm-none-eabi/lib/thumb/v7e-m+fp/hard\libc_nano.a(libc_a-fstatr.o)
                0x0800b7f4                _fstat_r
 .text._isatty_r
                0x0800b818       0x20 C:/ST/STM32CubeIDE_1.13.0/STM32CubeIDE/plugins/com.st.stm32cube.ide.mcu.externaltools.gnu-tools-for-stm32.12.3.rel1.win32_1.1.0.202410251130/tools/bin/../lib/gcc/arm-none-eabi/12.3.1/../../../../arm-none-eabi/lib/thumb/v7e-m+fp/hard\libc_nano.a(libc_a-isattyr.o)
                0x0800b818                _isatty_r
 .text._sbrk_r  0x0800b838       0x20 C:/ST/STM32CubeIDE_1.13.0/STM32CubeIDE/plugins/com.st.stm32cube.ide.mcu.externaltools.gnu-tools-for-stm32.12.3.rel1.win32_1.1.0.202410251130/tools/bin/../lib/gcc/arm-none-eabi/12.3.1/../../../../arm-none-eabi/lib/thumb/v7e-m+fp/hard\libc_nano.a(libc_a-sbrkr.o)
                0x0800b838                _sbrk_r
 .text.sin      0x0800b858       0xa8 C:/ST/STM32CubeIDE_1.13.0/STM32CubeIDE/plugins/com.st.stm32cube.ide.mcu.externaltools.gnu-tools-for-stm32.12.3.rel1.win32_1.1.0.202410251130/tools/bin/../lib/gcc/arm-none-eabi/12.3.1/../../../../arm-none-eabi/lib/thumb/v7e-m+fp/hard\libm.a(libm_a-s_sin.o)
                0x0800b858                sin
 .text.__kernel_cos
                0x0800b900      0x18c C:/ST/STM32CubeIDE_1.13.0/STM32CubeIDE/plugins/com.st.stm32cube.ide.mcu.externaltools.gnu-tools-for-stm32.12.3.rel1.win32_1.1.0.202410251130/tools/bin/../lib/gcc/arm-none-eabi/12.3.1/../../../../arm-none-eabi/lib/thumb/v7e-m+fp/hard\libm.a(libm_a-k_cos.o)
                0x0800b900                __kernel_cos
 *fill*         0x0800ba8c        0x4 
 .text.__kernel_sin
                0x0800ba90      0x174 C:/ST/STM32CubeIDE_1.13.0/STM32CubeIDE/plugins/com.st.stm32cube.ide.mcu.externaltools.gnu-tools-for-stm32.12.3.rel1.win32_1.1.0.202410251130/tools/bin/../lib/gcc/arm-none-eabi/12.3.1/../../../../arm-none-eabi/lib/thumb/v7e-m+fp/hard\libm.a(libm_a-k_sin.o)
                0x0800ba90                __kernel_sin
 *fill*         0x0800bc04        0x4 
 .text.__ieee754_rem_pio2
                0x0800bc08      0x3f8 C:/ST/STM32CubeIDE_1.13.0/STM32CubeIDE/plugins/com.st.stm32cube.ide.mcu.externaltools.gnu-tools-for-stm32.12.3.rel1.win32_1.1.0.202410251130/tools/bin/../lib/gcc/arm-none-eabi/12.3.1/../../../../arm-none-eabi/lib/thumb/v7e-m+fp/hard\libm.a(libm_a-e_rem_pio2.o)
                0x0800bc08                __ieee754_rem_pio2
 .text.fabs     0x0800c000       0x10 C:/ST/STM32CubeIDE_1.13.0/STM32CubeIDE/plugins/com.st.stm32cube.ide.mcu.externaltools.gnu-tools-for-stm32.12.3.rel1.win32_1.1.0.202410251130/tools/bin/../lib/gcc/arm-none-eabi/12.3.1/../../../../arm-none-eabi/lib/thumb/v7e-m+fp/hard\libm.a(libm_a-s_fabs.o)
                0x0800c000                fabs
 .text.__kernel_rem_pio2
                0x0800c010      0x6b0 C:/ST/STM32CubeIDE_1.13.0/STM32CubeIDE/plugins/com.st.stm32cube.ide.mcu.externaltools.gnu-tools-for-stm32.12.3.rel1.win32_1.1.0.202410251130/tools/bin/../lib/gcc/arm-none-eabi/12.3.1/../../../../arm-none-eabi/lib/thumb/v7e-m+fp/hard\libm.a(libm_a-k_rem_pio2.o)
                0x0800c010                __kernel_rem_pio2
 .text.scalbn   0x0800c6c0       0xfc C:/ST/STM32CubeIDE_1.13.0/STM32CubeIDE/plugins/com.st.stm32cube.ide.mcu.externaltools.gnu-tools-for-stm32.12.3.rel1.win32_1.1.0.202410251130/tools/bin/../lib/gcc/arm-none-eabi/12.3.1/../../../../arm-none-eabi/lib/thumb/v7e-m+fp/hard\libm.a(libm_a-s_scalbn.o)
                0x0800c6c0                scalbn
 *fill*         0x0800c7bc        0x4 
 .text.floor    0x0800c7c0       0xf8 C:/ST/STM32CubeIDE_1.13.0/STM32CubeIDE/plugins/com.st.stm32cube.ide.mcu.externaltools.gnu-tools-for-stm32.12.3.rel1.win32_1.1.0.202410251130/tools/bin/../lib/gcc/arm-none-eabi/12.3.1/../../../../arm-none-eabi/lib/thumb/v7e-m+fp/hard\libm.a(libm_a-s_floor.o)
                0x0800c7c0                floor
 *(.glue_7)
 .glue_7        0x0800c8b8        0x0 linker stubs
 *(.glue_7t)
 .glue_7t       0x0800c8b8        0x0 linker stubs
 *(.eh_frame)
 .eh_frame      0x0800c8b8        0x0 C:/ST/STM32CubeIDE_1.13.0/STM32CubeIDE/plugins/com.st.stm32cube.ide.mcu.externaltools.gnu-tools-for-stm32.12.3.rel1.win32_1.1.0.202410251130/tools/bin/../lib/gcc/arm-none-eabi/12.3.1/thumb/v7e-m+fp/hard/crtbegin.o
 *(.init)
 .init          0x0800c8b8        0x4 C:/ST/STM32CubeIDE_1.13.0/STM32CubeIDE/plugins/com.st.stm32cube.ide.mcu.externaltools.gnu-tools-for-stm32.12.3.rel1.win32_1.1.0.202410251130/tools/bin/../lib/gcc/arm-none-eabi/12.3.1/thumb/v7e-m+fp/hard/crti.o
                0x0800c8b8                _init
 .init          0x0800c8bc        0x8 C:/ST/STM32CubeIDE_1.13.0/STM32CubeIDE/plugins/com.st.stm32cube.ide.mcu.externaltools.gnu-tools-for-stm32.12.3.rel1.win32_1.1.0.202410251130/tools/bin/../lib/gcc/arm-none-eabi/12.3.1/thumb/v7e-m+fp/hard/crtn.o
 *(.fini)
 .fini          0x0800c8c4        0x4 C:/ST/STM32CubeIDE_1.13.0/STM32CubeIDE/plugins/com.st.stm32cube.ide.mcu.externaltools.gnu-tools-for-stm32.12.3.rel1.win32_1.1.0.202410251130/tools/bin/../lib/gcc/arm-none-eabi/12.3.1/thumb/v7e-m+fp/hard/crti.o
                0x0800c8c4                _fini
 .fini          0x0800c8c8        0x8 C:/ST/STM32CubeIDE_1.13.0/STM32CubeIDE/plugins/com.st.stm32cube.ide.mcu.externaltools.gnu-tools-for-stm32.12.3.rel1.win32_1.1.0.202410251130/tools/bin/../lib/gcc/arm-none-eabi/12.3.1/thumb/v7e-m+fp/hard/crtn.o
                0x0800c8d0                        . = ALIGN (0x4)
                0x0800c8d0                        _etext = .

.vfp11_veneer   0x0800c8d0        0x0
 .vfp11_veneer  0x0800c8d0        0x0 linker stubs

.v4_bx          0x0800c8d0        0x0
 .v4_bx         0x0800c8d0        0x0 linker stubs

.iplt           0x0800c8d0        0x0
 .iplt          0x0800c8d0        0x0 C:/ST/STM32CubeIDE_1.13.0/STM32CubeIDE/plugins/com.st.stm32cube.ide.mcu.externaltools.gnu-tools-for-stm32.12.3.rel1.win32_1.1.0.202410251130/tools/bin/../lib/gcc/arm-none-eabi/12.3.1/thumb/v7e-m+fp/hard/crtbegin.o

.rodata         0x0800c8d0      0x2a8
                0x0800c8d0                        . = ALIGN (0x4)
 *(.rodata)
 .rodata        0x0800c8d0        0x5 ./Core/Src/main.o
 *fill*         0x0800c8d5        0x3 
 .rodata        0x0800c8d8       0x35 ./Middlewares/ST/STM32_USB_Device_Library/Core/Src/usbd_core.o
 *fill*         0x0800c90d        0x3 
 .rodata        0x0800c910       0x3c ./USB_DEVICE/App/usbd_desc.o
 *(.rodata*)
 .rodata.AHBPrescTable
                0x0800c94c       0x10 ./Core/Src/system_stm32f4xx.o
                0x0800c94c                AHBPrescTable
 .rodata.APBPrescTable
                0x0800c95c        0x8 ./Core/Src/system_stm32f4xx.o
                0x0800c95c                APBPrescTable
 .rodata.flagBitshiftOffset.0
                0x0800c964        0x8 ./Drivers/STM32F4xx_HAL_Driver/Src/stm32f4xx_hal_dma.o
 .rodata._vfprintf_r.str1.1
                0x0800c96c       0x11 C:/ST/STM32CubeIDE_1.13.0/STM32CubeIDE/plugins/com.st.stm32cube.ide.mcu.externaltools.gnu-tools-for-stm32.12.3.rel1.win32_1.1.0.202410251130/tools/bin/../lib/gcc/arm-none-eabi/12.3.1/../../../../arm-none-eabi/lib/thumb/v7e-m+fp/hard\libc_nano.a(libc_a-nano-vfprintf.o)
 .rodata._printf_i.str1.1
                0x0800c97d       0x22 C:/ST/STM32CubeIDE_1.13.0/STM32CubeIDE/plugins/com.st.stm32cube.ide.mcu.externaltools.gnu-tools-for-stm32.12.3.rel1.win32_1.1.0.202410251130/tools/bin/../lib/gcc/arm-none-eabi/12.3.1/../../../../arm-none-eabi/lib/thumb/v7e-m+fp/hard\libc_nano.a(libc_a-nano-vfprintf_i.o)
 *fill*         0x0800c99f        0x1 
 .rodata.npio2_hw
                0x0800c9a0       0x80 C:/ST/STM32CubeIDE_1.13.0/STM32CubeIDE/plugins/com.st.stm32cube.ide.mcu.externaltools.gnu-tools-for-stm32.12.3.rel1.win32_1.1.0.202410251130/tools/bin/../lib/gcc/arm-none-eabi/12.3.1/../../../../arm-none-eabi/lib/thumb/v7e-m+fp/hard\libm.a(libm_a-e_rem_pio2.o)
 .rodata.two_over_pi
                0x0800ca20      0x108 C:/ST/STM32CubeIDE_1.13.0/STM32CubeIDE/plugins/com.st.stm32cube.ide.mcu.externaltools.gnu-tools-for-stm32.12.3.rel1.win32_1.1.0.202410251130/tools/bin/../lib/gcc/arm-none-eabi/12.3.1/../../../../arm-none-eabi/lib/thumb/v7e-m+fp/hard\libm.a(libm_a-e_rem_pio2.o)
 .rodata.PIo2   0x0800cb28       0x40 C:/ST/STM32CubeIDE_1.13.0/STM32CubeIDE/plugins/com.st.stm32cube.ide.mcu.externaltools.gnu-tools-for-stm32.12.3.rel1.win32_1.1.0.202410251130/tools/bin/../lib/gcc/arm-none-eabi/12.3.1/../../../../arm-none-eabi/lib/thumb/v7e-m+fp/hard\libm.a(libm_a-k_rem_pio2.o)
 .rodata.init_jk
                0x0800cb68       0x10 C:/ST/STM32CubeIDE_1.13.0/STM32CubeIDE/plugins/com.st.stm32cube.ide.mcu.externaltools.gnu-tools-for-stm32.12.3.rel1.win32_1.1.0.202410251130/tools/bin/../lib/gcc/arm-none-eabi/12.3.1/../../../../arm-none-eabi/lib/thumb/v7e-m+fp/hard\libm.a(libm_a-k_rem_pio2.o)
                0x0800cb78                        . = ALIGN (0x4)

.ARM.extab      0x0800cb78        0x0
                0x0800cb78                        . = ALIGN (0x4)
 *(.ARM.extab* .gnu.linkonce.armextab.*)
                0x0800cb78                        . = ALIGN (0x4)

.ARM            0x0800cb78        0x8
                0x0800cb78                        . = ALIGN (0x4)
                0x0800cb78                        __exidx_start = .
 *(.ARM.exidx*)
 .ARM.exidx     0x0800cb78        0x8 C:/ST/STM32CubeIDE_1.13.0/STM32CubeIDE/plugins/com.st.stm32cube.ide.mcu.externaltools.gnu-tools-for-stm32.12.3.rel1.win32_1.1.0.202410251130/tools/bin/../lib/gcc/arm-none-eabi/12.3.1/../../../../arm-none-eabi/lib/thumb/v7e-m+fp/hard\libc_nano.a(libc_a-memchr.o)
 .ARM.exidx     0x0800cb80        0x0 C:/ST/STM32CubeIDE_1.13.0/STM32CubeIDE/plugins/com.st.stm32cube.ide.mcu.externaltools.gnu-tools-for-stm32.12.3.rel1.win32_1.1.0.202410251130/tools/bin/../lib/gcc/arm-none-eabi/12.3.1/thumb/v7e-m+fp/hard\libgcc.a(_udivmoddi4.o)
                                  0x8 (size before relaxing)
                0x0800cb80                        __exidx_end = .
                0x0800cb80                        . = ALIGN (0x4)

.preinit_array  0x0800cb80        0x0
                0x0800cb80                        . = ALIGN (0x4)
                0x0800cb80                        PROVIDE (__preinit_array_start = .)
 *(.preinit_array*)
                0x0800cb80                        PROVIDE (__preinit_array_end = .)
                0x0800cb80                        . = ALIGN (0x4)

.init_array     0x0800cb80        0x4
                0x0800cb80                        . = ALIGN (0x4)
                0x0800cb80                        PROVIDE (__init_array_start = .)
 *(SORT_BY_NAME(.init_array.*))
 *(.init_array*)
 .init_array    0x0800cb80        0x4 C:/ST/STM32CubeIDE_1.13.0/STM32CubeIDE/plugins/com.st.stm32cube.ide.mcu.externaltools.gnu-tools-for-stm32.12.3.rel1.win32_1.1.0.202410251130/tools/bin/../lib/gcc/arm-none-eabi/12.3.1/thumb/v7e-m+fp/hard/crtbegin.o
                0x0800cb84                        PROVIDE (__init_array_end = .)
                0x0800cb84                        . = ALIGN (0x4)

.fini_array     0x0800cb84        0x4
                0x0800cb84                        . = ALIGN (0x4)
                [!provide]                        PROVIDE (__fini_array_start = .)
 *(SORT_BY_NAME(.fini_array.*))
 *(.fini_array*)
 .fini_array    0x0800cb84        0x4 C:/ST/STM32CubeIDE_1.13.0/STM32CubeIDE/plugins/com.st.stm32cube.ide.mcu.externaltools.gnu-tools-for-stm32.12.3.rel1.win32_1.1.0.202410251130/tools/bin/../lib/gcc/arm-none-eabi/12.3.1/thumb/v7e-m+fp/hard/crtbegin.o
                [!provide]                        PROVIDE (__fini_array_end = .)
                0x0800cb88                        . = ALIGN (0x4)
                0x0800cb88                        _sidata = LOADADDR (.data)

.rel.dyn        0x0800cb88        0x0
 .rel.iplt      0x0800cb88        0x0 C:/ST/STM32CubeIDE_1.13.0/STM32CubeIDE/plugins/com.st.stm32cube.ide.mcu.externaltools.gnu-tools-for-stm32.12.3.rel1.win32_1.1.0.202410251130/tools/bin/../lib/gcc/arm-none-eabi/12.3.1/thumb/v7e-m+fp/hard/crtbegin.o

.data           0x20000000      0x198 load address 0x0800cb88
                0x20000000                        . = ALIGN (0x4)
                0x20000000                        _sdata = .
 *(.data)
 *(.data*)
 .data.SystemCoreClock
                0x20000000        0x4 ./Core/Src/system_stm32f4xx.o
                0x20000000                SystemCoreClock
 .data.uwTickPrio
                0x20000004        0x4 ./Drivers/STM32F4xx_HAL_Driver/Src/stm32f4xx_hal.o
                0x20000004                uwTickPrio
 .data.uwTickFreq
                0x20000008        0x1 ./Drivers/STM32F4xx_HAL_Driver/Src/stm32f4xx_hal.o
                0x20000008                uwTickFreq
 *fill*         0x20000009        0x3 
 .data.USBD_AUDIO
                0x2000000c       0x38 ./Middlewares/ST/STM32_USB_Device_Library/Class/AUDIO/Src/usbd_audio.o
                0x2000000c                USBD_AUDIO
 .data.USBD_AUDIO_CfgDesc
                0x20000044       0x6d ./Middlewares/ST/STM32_USB_Device_Library/Class/AUDIO/Src/usbd_audio.o
 *fill*         0x200000b1        0x3 
 .data.USBD_AUDIO_DeviceQualifierDesc
                0x200000b4        0xa ./Middlewares/ST/STM32_USB_Device_Library/Class/AUDIO/Src/usbd_audio.o
 .data.AUDIOOutEpAdd
                0x200000be        0x1 ./Middlewares/ST/STM32_USB_Device_Library/Class/AUDIO/Src/usbd_audio.o
 *fill*         0x200000bf        0x1 
 .data.USBD_AUDIO_fops_FS
                0x200000c0       0x1c ./USB_DEVICE/App/usbd_audio_if.o
                0x200000c0                USBD_AUDIO_fops_FS
 .data.FS_Desc  0x200000dc       0x20 ./USB_DEVICE/App/usbd_desc.o
                0x200000dc                FS_Desc
 .data.USBD_FS_DeviceDesc
                0x200000fc       0x12 ./USB_DEVICE/App/usbd_desc.o
                0x200000fc                USBD_FS_DeviceDesc
 *fill*         0x2000010e        0x2 
 .data.USBD_FS_BOSDesc
                0x20000110        0xc ./USB_DEVICE/App/usbd_desc.o
                0x20000110                USBD_FS_BOSDesc
 .data.USBD_LangIDDesc
                0x2000011c        0x4 ./USB_DEVICE/App/usbd_desc.o
                0x2000011c                USBD_LangIDDesc
 .data.USBD_StringSerial
                0x20000120       0x1a ./USB_DEVICE/App/usbd_desc.o
                0x20000120                USBD_StringSerial
 *fill*         0x2000013a        0x2 
 .data.__sglue  0x2000013c        0xc C:/ST/STM32CubeIDE_1.13.0/STM32CubeIDE/plugins/com.st.stm32cube.ide.mcu.externaltools.gnu-tools-for-stm32.12.3.rel1.win32_1.1.0.202410251130/tools/bin/../lib/gcc/arm-none-eabi/12.3.1/../../../../arm-none-eabi/lib/thumb/v7e-m+fp/hard\libc_nano.a(libc_a-findfp.o)
                0x2000013c                __sglue
 .data._impure_ptr
                0x20000148        0x4 C:/ST/STM32CubeIDE_1.13.0/STM32CubeIDE/plugins/com.st.stm32cube.ide.mcu.externaltools.gnu-tools-for-stm32.12.3.rel1.win32_1.1.0.202410251130/tools/bin/../lib/gcc/arm-none-eabi/12.3.1/../../../../arm-none-eabi/lib/thumb/v7e-m+fp/hard\libc_nano.a(libc_a-impure.o)
                0x20000148                _impure_ptr
 .data._impure_data
                0x2000014c       0x4c C:/ST/STM32CubeIDE_1.13.0/STM32CubeIDE/plugins/com.st.stm32cube.ide.mcu.externaltools.gnu-tools-for-stm32.12.3.rel1.win32_1.1.0.202410251130/tools/bin/../lib/gcc/arm-none-eabi/12.3.1/../../../../arm-none-eabi/lib/thumb/v7e-m+fp/hard\libc_nano.a(libc_a-impure.o)
                0x2000014c                _impure_data
 *(.RamFunc)
 *(.RamFunc*)
                0x20000198                        . = ALIGN (0x4)
                0x20000198                        _edata = .

.igot.plt       0x20000198        0x0 load address 0x0800cd20
 .igot.plt      0x20000198        0x0 C:/ST/STM32CubeIDE_1.13.0/STM32CubeIDE/plugins/com.st.stm32cube.ide.mcu.externaltools.gnu-tools-for-stm32.12.3.rel1.win32_1.1.0.202410251130/tools/bin/../lib/gcc/arm-none-eabi/12.3.1/thumb/v7e-m+fp/hard/crtbegin.o
                0x20000198                        . = ALIGN (0x4)

.bss            0x20000198     0x8a6c load address 0x0800cd20
                0x20000198                        _sbss = .
                0x20000198                        __bss_start__ = _sbss
 *(.bss)
 .bss           0x20000198       0x1c C:/ST/STM32CubeIDE_1.13.0/STM32CubeIDE/plugins/com.st.stm32cube.ide.mcu.externaltools.gnu-tools-for-stm32.12.3.rel1.win32_1.1.0.202410251130/tools/bin/../lib/gcc/arm-none-eabi/12.3.1/thumb/v7e-m+fp/hard/crtbegin.o
 *(.bss*)
 .bss.hi2s1     0x200001b4       0x48 ./Core/Src/i2s.o
                0x200001b4                hi2s1
 .bss.hdma_spi1_tx
                0x200001fc       0x60 ./Core/Src/i2s.o
                0x200001fc                hdma_spi1_tx
 .bss.sineBuffer
                0x2000025c      0x420 ./Core/Src/main.o
 .bss.hsai_BlockA1
                0x2000067c       0x88 ./Core/Src/sai.o
                0x2000067c                hsai_BlockA1
 .bss.hsai_BlockB1
                0x20000704       0x88 ./Core/Src/sai.o
                0x20000704                hsai_BlockB1
 .bss.hdma_sai1_a
                0x2000078c       0x60 ./Core/Src/sai.o
                0x2000078c                hdma_sai1_a
 .bss.hdma_sai1_b
                0x200007ec       0x60 ./Core/Src/sai.o
                0x200007ec                hdma_sai1_b
 .bss.SAI1_client
                0x2000084c        0x4 ./Core/Src/sai.o
 .bss.__sbrk_heap_end
                0x20000850        0x4 ./Core/Src/sysmem.o
 .bss.huart3    0x20000854       0x48 ./Core/Src/usart.o
                0x20000854                huart3
 .bss.uwTick    0x2000089c        0x4 ./Drivers/STM32F4xx_HAL_Driver/Src/stm32f4xx_hal.o
                0x2000089c                uwTick
 .bss.cfgidx.0  0x200008a0        0x1 ./Middlewares/ST/STM32_USB_Device_Library/Core/Src/usbd_ctlreq.o
 *fill*         0x200008a1        0x3 
 .bss.hUsbDeviceFS
                0x200008a4      0x2dc ./USB_DEVICE/App/usb_device.o
                0x200008a4                hUsbDeviceFS
 .bss.USBD_StrDesc
                0x20000b80      0x200 ./USB_DEVICE/App/usbd_desc.o
                0x20000b80                USBD_StrDesc
 .bss.hpcd_USB_OTG_FS
                0x20000d80      0x4e4 ./USB_DEVICE/Target/usbd_conf.o
                0x20000d80                hpcd_USB_OTG_FS
 .bss.mem.0     0x20001264     0x7854 ./USB_DEVICE/Target/usbd_conf.o
 .bss.__sf      0x20008ab8      0x138 C:/ST/STM32CubeIDE_1.13.0/STM32CubeIDE/plugins/com.st.stm32cube.ide.mcu.externaltools.gnu-tools-for-stm32.12.3.rel1.win32_1.1.0.202410251130/tools/bin/../lib/gcc/arm-none-eabi/12.3.1/../../../../arm-none-eabi/lib/thumb/v7e-m+fp/hard\libc_nano.a(libc_a-findfp.o)
                0x20008ab8                __sf
 .bss.__stdio_exit_handler
                0x20008bf0        0x4 C:/ST/STM32CubeIDE_1.13.0/STM32CubeIDE/plugins/com.st.stm32cube.ide.mcu.externaltools.gnu-tools-for-stm32.12.3.rel1.win32_1.1.0.202410251130/tools/bin/../lib/gcc/arm-none-eabi/12.3.1/../../../../arm-none-eabi/lib/thumb/v7e-m+fp/hard\libc_nano.a(libc_a-findfp.o)
                0x20008bf0                __stdio_exit_handler
 .bss.errno     0x20008bf4        0x4 C:/ST/STM32CubeIDE_1.13.0/STM32CubeIDE/plugins/com.st.stm32cube.ide.mcu.externaltools.gnu-tools-for-stm32.12.3.rel1.win32_1.1.0.202410251130/tools/bin/../lib/gcc/arm-none-eabi/12.3.1/../../../../arm-none-eabi/lib/thumb/v7e-m+fp/hard\libc_nano.a(libc_a-reent.o)
                0x20008bf4                errno
 .bss.__lock___malloc_recursive_mutex
                0x20008bf8        0x1 C:/ST/STM32CubeIDE_1.13.0/STM32CubeIDE/plugins/com.st.stm32cube.ide.mcu.externaltools.gnu-tools-for-stm32.12.3.rel1.win32_1.1.0.202410251130/tools/bin/../lib/gcc/arm-none-eabi/12.3.1/../../../../arm-none-eabi/lib/thumb/v7e-m+fp/hard\libc_nano.a(libc_a-lock.o)
                0x20008bf8                __lock___malloc_recursive_mutex
 .bss.__lock___sfp_recursive_mutex
                0x20008bf9        0x1 C:/ST/STM32CubeIDE_1.13.0/STM32CubeIDE/plugins/com.st.stm32cube.ide.mcu.externaltools.gnu-tools-for-stm32.12.3.rel1.win32_1.1.0.202410251130/tools/bin/../lib/gcc/arm-none-eabi/12.3.1/../../../../arm-none-eabi/lib/thumb/v7e-m+fp/hard\libc_nano.a(libc_a-lock.o)
                0x20008bf9                __lock___sfp_recursive_mutex
 *fill*         0x20008bfa        0x2 
 .bss.__malloc_sbrk_start
                0x20008bfc        0x4 C:/ST/STM32CubeIDE_1.13.0/STM32CubeIDE/plugins/com.st.stm32cube.ide.mcu.externaltools.gnu-tools-for-stm32.12.3.rel1.win32_1.1.0.202410251130/tools/bin/../lib/gcc/arm-none-eabi/12.3.1/../../../../arm-none-eabi/lib/thumb/v7e-m+fp/hard\libc_nano.a(libc_a-mallocr.o)
                0x20008bfc                __malloc_sbrk_start
 .bss.__malloc_free_list
                0x20008c00        0x4 C:/ST/STM32CubeIDE_1.13.0/STM32CubeIDE/plugins/com.st.stm32cube.ide.mcu.externaltools.gnu-tools-for-stm32.12.3.rel1.win32_1.1.0.202410251130/tools/bin/../lib/gcc/arm-none-eabi/12.3.1/../../../../arm-none-eabi/lib/thumb/v7e-m+fp/hard\libc_nano.a(libc_a-mallocr.o)
                0x20008c00                __malloc_free_list
 *(COMMON)
                0x20008c04                        . = ALIGN (0x4)
                0x20008c04                        _ebss = .
                0x20008c04                        __bss_end__ = _ebss

._user_heap_stack
                0x20008c04     0xc004 load address 0x0800cd20
                0x20008c08                        . = ALIGN (0x8)
 *fill*         0x20008c04        0x4 
                [!provide]                        PROVIDE (end = .)
                0x20008c08                        PROVIDE (_end = .)
                0x2000cc08                        . = (. + _Min_Heap_Size)
 *fill*         0x20008c08     0x4000 
                0x20014c08                        . = (. + _Min_Stack_Size)
 *fill*         0x2000cc08     0x8000 
                0x20014c08                        . = ALIGN (0x8)

/DISCARD/
 libc.a(*)
 libm.a(*)
 libgcc.a(*)

.ARM.attributes
                0x00000000       0x30
 *(.ARM.attributes)
 .ARM.attributes
                0x00000000       0x22 C:/ST/STM32CubeIDE_1.13.0/STM32CubeIDE/plugins/com.st.stm32cube.ide.mcu.externaltools.gnu-tools-for-stm32.12.3.rel1.win32_1.1.0.202410251130/tools/bin/../lib/gcc/arm-none-eabi/12.3.1/thumb/v7e-m+fp/hard/crti.o
 .ARM.attributes