../USB_DEVICE/App/usbd_audio_if.c:163:15:AUDIO_Init_FS	24	static
../USB_DEVICE/App/usbd_audio_if.c:178:15:AUDIO_DeInit_FS	16	static
../USB_DEVICE/App/usbd_audio_if.c:193:15:AUDIO_AudioCmd_FS	24	static
../USB_DEVICE/App/usbd_audio_if.c:216:15:AUDIO_VolumeCtl_FS	16	static
../USB_DEVICE/App/usbd_audio_if.c:229:15:AUDIO_MuteCtl_FS	16	static
../USB_DEVICE/App/usbd_audio_if.c:242:15:AUDIO_PeriodicTC_FS	24	static
../USB_DEVICE/App/usbd_audio_if.c:256:15:AUDIO_GetState_FS	4	static
../USB_DEVICE/App/usbd_audio_if.c:267:6:TransferComplete_CallBack_FS	8	static
../USB_DEVICE/App/usbd_audio_if.c:278:6:HalfTransfer_CallBack_FS	8	static
../USB_DEVICE/App/usbd_audio_if.c:286:6:AUDIO_FeedbackUpdate_44100Hz	8	static
