../USB_DEVICE/App/usbd_audio_if.c:64:6:SAI_Transmit_DMA	16	static
../USB_DEVICE/App/usbd_audio_if.c:73:13:SAI_Buffer_Fill	528	static
../USB_DEVICE/App/usbd_audio_if.c:116:15:AUDIO_Init_FS	24	static
../USB_DEVICE/App/usbd_audio_if.c:138:15:AUDIO_DeInit_FS	16	static
../USB_DEVICE/App/usbd_audio_if.c:155:15:AUDIO_AudioCmd_FS	32	static
../USB_DEVICE/App/usbd_audio_if.c:190:15:AUDIO_VolumeCtl_FS	16	static
../USB_DEVICE/App/usbd_audio_if.c:203:15:AUDIO_MuteCtl_FS	16	static
../USB_DEVICE/App/usbd_audio_if.c:220:15:AUDIO_PeriodicTC_FS	24	static
../USB_DEVICE/App/usbd_audio_if.c:234:15:AUDIO_GetState_FS	4	static
../USB_DEVICE/App/usbd_audio_if.c:245:6:TransferComplete_CallBack_FS	8	static
../USB_DEVICE/App/usbd_audio_if.c:258:6:HalfTransfer_CallBack_FS	8	static
../USB_DEVICE/App/usbd_audio_if.c:268:6:AUDIO_FeedbackUpdate_44100Hz	8	static
