../Middlewares/ST/STM32_USB_Device_Library/Class/AUDIO/Src/usbd_audio.c:353:6:USBD_AUDIO_Sync_Sync	24	static
../Middlewares/ST/STM32_USB_Device_Library/Class/AUDIO/Src/usbd_audio.c:375:16:USBD_AUDIO_Init	24	static
../Middlewares/ST/STM32_USB_Device_Library/Class/AUDIO/Src/usbd_audio.c:438:16:USBD_AUDIO_DeInit	16	static
../Middlewares/ST/STM32_USB_Device_Library/Class/AUDIO/Src/usbd_audio.c:471:16:USBD_AUDIO_Setup	32	static
../Middlewares/ST/STM32_USB_Device_Library/Class/AUDIO/Src/usbd_audio.c:597:17:USBD_AUDIO_GetCfgDesc	16	static
../Middlewares/ST/STM32_USB_Device_Library/Class/AUDIO/Src/usbd_audio.c:611:16:USBD_AUDIO_DataIn	16	static
../Middlewares/ST/STM32_USB_Device_Library/Class/AUDIO/Src/usbd_audio.c:626:16:USBD_AUDIO_EP0_RxReady	24	static
../Middlewares/ST/STM32_USB_Device_Library/Class/AUDIO/Src/usbd_audio.c:656:16:USBD_AUDIO_EP0_TxReady	16	static
../Middlewares/ST/STM32_USB_Device_Library/Class/AUDIO/Src/usbd_audio.c:669:16:USBD_AUDIO_SOF	16	static
../Middlewares/ST/STM32_USB_Device_Library/Class/AUDIO/Src/usbd_audio.c:683:6:USBD_AUDIO_Sync	24	static
../Middlewares/ST/STM32_USB_Device_Library/Class/AUDIO/Src/usbd_audio.c:752:16:USBD_AUDIO_IsoINIncomplete	16	static
../Middlewares/ST/STM32_USB_Device_Library/Class/AUDIO/Src/usbd_audio.c:766:16:USBD_AUDIO_IsoOutIncomplete	24	static
../Middlewares/ST/STM32_USB_Device_Library/Class/AUDIO/Src/usbd_audio.c:791:16:USBD_AUDIO_DataOut	24	static
../Middlewares/ST/STM32_USB_Device_Library/Class/AUDIO/Src/usbd_audio.c:858:13:AUDIO_REQ_GetCurrent	24	static
../Middlewares/ST/STM32_USB_Device_Library/Class/AUDIO/Src/usbd_audio.c:882:13:AUDIO_REQ_SetCurrent	24	static
../Middlewares/ST/STM32_USB_Device_Library/Class/AUDIO/Src/usbd_audio.c:910:17:USBD_AUDIO_GetDeviceQualifierDesc	16	static
../Middlewares/ST/STM32_USB_Device_Library/Class/AUDIO/Src/usbd_audio.c:923:9:USBD_AUDIO_RegisterInterface	16	static
../Middlewares/ST/STM32_USB_Device_Library/Class/AUDIO/Src/usbd_audio.c:966:14:USBD_AUDIO_GetAudioHeaderDesc	32	static
